I 06.04/02:33:54 main.py:23  ] => Experiment directory: /storage/hujiacong/zxd/Huawei/TransNet/exps/WAIRD/seed42/scenario_2/00247
I 06.04/02:33:54 main.py:24  ] => PyTorch Version: 2.5.1
I 06.04/02:33:54 init.py:15  ] Random seed set to 42
I 06.04/02:33:55 init.py:215 ] Running on GPU 2
I 06.04/02:33:55 dataloader.py:69  ] /storage/hujiacong/zxd/datasets/WAIRD/data/scenario_2/00247/train.pt loaded.
I 06.04/02:33:55 dataloader.py:74  ] /storage/hujiacong/zxd/datasets/WAIRD/data/scenario_2/00247/test.pt loaded.
I 06.04/02:33:55 dataloader.py:79  ] /storage/hujiacong/zxd/datasets/WAIRD/data/scenario_2/00247/test.pt loaded.
I 06.04/02:33:58 init.py:237 ] pretrained model loaded from /storage/hujiacong/zxd/Huawei/TransNet/exps/WAIRD/seed42/base/checkpoints/best_nmse.pth
I 06.04/02:33:58 init.py:245 ] => Model Name: TransNet [pretrained: /storage/hujiacong/zxd/Huawei/TransNet/exps/WAIRD/seed42/base/checkpoints/best_nmse.pth]
I 06.04/02:33:58 init.py:246 ] => Model Config: compression ratio=1/4; input shape=(2, 64, 64); input dim=8192
I 06.04/02:33:58 init.py:249 ] => Model Flops: 1.6817e+02M
I 06.04/02:33:58 init.py:250 ] => Model Params Num: 3.4623e+01M

I 06.04/02:33:58 init.py:251 ] 
**********
Transformer(
  (encoder): TransformerEncoder(
    (layers): ModuleList(
      (0-1): 2 x TransformerEncoderLayer(
        (self_attn): MultiheadAttention(
          (out_proj): NonDynamicallyQuantizableLinear(in_features=64, out_features=64, bias=True)
        )
        (linear1): Linear(in_features=64, out_features=2048, bias=True)
        (dropout): Dropout(p=0.0, inplace=False)
        (linear2): Linear(in_features=2048, out_features=64, bias=True)
        (norm1): LayerNorm((64,), eps=1e-05, elementwise_affine=True)
        (norm2): LayerNorm((64,), eps=1e-05, elementwise_affine=True)
        (dropout1): Dropout(p=0.0, inplace=False)
        (dropout2): Dropout(p=0.0, inplace=False)
      )
    )
    (norm): LayerNorm((64,), eps=1e-05, elementwise_affine=True)
  )
  (decoder): TransformerDecoder(
    (layers): ModuleList(
      (0-1): 2 x TransformerDecoderLayer(
        (self_attn): MultiheadAttention(
          (out_proj): NonDynamicallyQuantizableLinear(in_features=64, out_features=64, bias=True)
        )
        (multihead_attn): MultiheadAttention(
          (out_proj): NonDynamicallyQuantizableLinear(in_features=64, out_features=64, bias=True)
        )
        (linear1): Linear(in_features=64, out_features=2048, bias=True)
        (dropout): Dropout(p=0.0, inplace=False)
        (linear2): Linear(in_features=2048, out_features=64, bias=True)
        (norm1): LayerNorm((64,), eps=1e-05, elementwise_affine=True)
        (norm2): LayerNorm((64,), eps=1e-05, elementwise_affine=True)
        (norm3): LayerNorm((64,), eps=1e-05, elementwise_affine=True)
        (dropout1): Dropout(p=0.0, inplace=False)
        (dropout2): Dropout(p=0.0, inplace=False)
        (dropout3): Dropout(p=0.0, inplace=False)
      )
    )
    (norm): LayerNorm((64,), eps=1e-05, elementwise_affine=True)
  )
  (fc_encoder): Linear(in_features=8192, out_features=2048, bias=True)
  (fc_decoder): Linear(in_features=2048, out_features=8192, bias=True)
)
**********

I 06.04/02:34:02 init.py:173 ] => LoRA enabled on components: encoder_ffn; target_modules=['encoder.layers.0.linear1', 'encoder.layers.0.linear2', 'encoder.layers.1.linear1', 'encoder.layers.1.linear2']; target_parameters=[] (rank=8, alpha=16); 8/76 params trainable
I 06.04/02:34:02 init.py:195 ] 
base_model.model.encoder.layers.0.self_attn.in_proj_weight        False    (192, 64)
base_model.model.encoder.layers.0.self_attn.in_proj_bias          False    (192,)
base_model.model.encoder.layers.0.self_attn.out_proj.weight       False    (64, 64)
base_model.model.encoder.layers.0.self_attn.out_proj.bias         False    (64,)
base_model.model.encoder.layers.0.linear1.base_layer.weight       False    (2048, 64)
base_model.model.encoder.layers.0.linear1.base_layer.bias         False    (2048,)
base_model.model.encoder.layers.0.linear1.lora_A.default.weight   True     (8, 64)
base_model.model.encoder.layers.0.linear1.lora_B.default.weight   True     (2048, 8)
base_model.model.encoder.layers.0.linear2.base_layer.weight       False    (64, 2048)
base_model.model.encoder.layers.0.linear2.base_layer.bias         False    (64,)
base_model.model.encoder.layers.0.linear2.lora_A.default.weight   True     (8, 2048)
base_model.model.encoder.layers.0.linear2.lora_B.default.weight   True     (64, 8)
base_model.model.encoder.layers.0.norm1.weight                    False    (64,)
base_model.model.encoder.layers.0.norm1.bias                      False    (64,)
base_model.model.encoder.layers.0.norm2.weight                    False    (64,)
base_model.model.encoder.layers.0.norm2.bias                      False    (64,)
base_model.model.encoder.layers.1.self_attn.in_proj_weight        False    (192, 64)
base_model.model.encoder.layers.1.self_attn.in_proj_bias          False    (192,)
base_model.model.encoder.layers.1.self_attn.out_proj.weight       False    (64, 64)
base_model.model.encoder.layers.1.self_attn.out_proj.bias         False    (64,)
base_model.model.encoder.layers.1.linear1.base_layer.weight       False    (2048, 64)
base_model.model.encoder.layers.1.linear1.base_layer.bias         False    (2048,)
base_model.model.encoder.layers.1.linear1.lora_A.default.weight   True     (8, 64)
base_model.model.encoder.layers.1.linear1.lora_B.default.weight   True     (2048, 8)
base_model.model.encoder.layers.1.linear2.base_layer.weight       False    (64, 2048)
base_model.model.encoder.layers.1.linear2.base_layer.bias         False    (64,)
base_model.model.encoder.layers.1.linear2.lora_A.default.weight   True     (8, 2048)
base_model.model.encoder.layers.1.linear2.lora_B.default.weight   True     (64, 8)
base_model.model.encoder.layers.1.norm1.weight                    False    (64,)
base_model.model.encoder.layers.1.norm1.bias                      False    (64,)
base_model.model.encoder.layers.1.norm2.weight                    False    (64,)
base_model.model.encoder.layers.1.norm2.bias                      False    (64,)
base_model.model.encoder.norm.weight                              False    (64,)
base_model.model.encoder.norm.bias                                False    (64,)
base_model.model.decoder.layers.0.self_attn.in_proj_weight        False    (192, 64)
base_model.model.decoder.layers.0.self_attn.in_proj_bias          False    (192,)
base_model.model.decoder.layers.0.self_attn.out_proj.weight       False    (64, 64)
base_model.model.decoder.layers.0.self_attn.out_proj.bias         False    (64,)
base_model.model.decoder.layers.0.multihead_attn.in_proj_weight   False    (192, 64)
base_model.model.decoder.layers.0.multihead_attn.in_proj_bias     False    (192,)
base_model.model.decoder.layers.0.multihead_attn.out_proj.weight  False    (64, 64)
base_model.model.decoder.layers.0.multihead_attn.out_proj.bias    False    (64,)
base_model.model.decoder.layers.0.linear1.weight                  False    (2048, 64)
base_model.model.decoder.layers.0.linear1.bias                    False    (2048,)
base_model.model.decoder.layers.0.linear2.weight                  False    (64, 2048)
base_model.model.decoder.layers.0.linear2.bias                    False    (64,)
base_model.model.decoder.layers.0.norm1.weight                    False    (64,)
base_model.model.decoder.layers.0.norm1.bias                      False    (64,)
base_model.model.decoder.layers.0.norm2.weight                    False    (64,)
base_model.model.decoder.layers.0.norm2.bias                      False    (64,)
base_model.model.decoder.layers.0.norm3.weight                    False    (64,)
base_model.model.decoder.layers.0.norm3.bias                      False    (64,)
base_model.model.decoder.layers.1.self_attn.in_proj_weight        False    (192, 64)
base_model.model.decoder.layers.1.self_attn.in_proj_bias          False    (192,)
base_model.model.decoder.layers.1.self_attn.out_proj.weight       False    (64, 64)
base_model.model.decoder.layers.1.self_attn.out_proj.bias         False    (64,)
base_model.model.decoder.layers.1.multihead_attn.in_proj_weight   False    (192, 64)
base_model.model.decoder.layers.1.multihead_attn.in_proj_bias     False    (192,)
base_model.model.decoder.layers.1.multihead_attn.out_proj.weight  False    (64, 64)
base_model.model.decoder.layers.1.multihead_attn.out_proj.bias    False    (64,)
base_model.model.decoder.layers.1.linear1.weight                  False    (2048, 64)
base_model.model.decoder.layers.1.linear1.bias                    False    (2048,)
base_model.model.decoder.layers.1.linear2.weight                  False    (64, 2048)
base_model.model.decoder.layers.1.linear2.bias                    False    (64,)
base_model.model.decoder.layers.1.norm1.weight                    False    (64,)
base_model.model.decoder.layers.1.norm1.bias                      False    (64,)
base_model.model.decoder.layers.1.norm2.weight                    False    (64,)
base_model.model.decoder.layers.1.norm2.bias                      False    (64,)
base_model.model.decoder.layers.1.norm3.weight                    False    (64,)
base_model.model.decoder.layers.1.norm3.bias                      False    (64,)
base_model.model.decoder.norm.weight                              False    (64,)
base_model.model.decoder.norm.bias                                False    (64,)
base_model.model.fc_encoder.weight                                False    (2048, 8192)
base_model.model.fc_encoder.bias                                  False    (2048,)
base_model.model.fc_decoder.weight                                False    (8192, 2048)
base_model.model.fc_decoder.bias                                  False    (8192,)
**********
I 06.04/02:34:03 solver.py:141 ] Epoch: [1/400][20/45] lr: 2.22e-06 | MSE loss: 1.1296e-02 | time: 0.057
I 06.04/02:34:04 solver.py:141 ] Epoch: [1/400][40/45] lr: 4.44e-06 | MSE loss: 1.1850e-02 | time: 0.050
I 06.04/02:34:04 solver.py:151 ] => Train  Loss: 1.1664e-02

I 06.04/02:34:05 solver.py:141 ] Epoch: [2/400][20/45] lr: 7.22e-06 | MSE loss: 1.1432e-02 | time: 0.038
I 06.04/02:34:05 solver.py:141 ] Epoch: [2/400][40/45] lr: 9.44e-06 | MSE loss: 1.1837e-02 | time: 0.035
I 06.04/02:34:06 solver.py:151 ] => Train  Loss: 1.1659e-02

I 06.04/02:34:06 solver.py:141 ] Epoch: [3/400][20/45] lr: 1.22e-05 | MSE loss: 1.1105e-02 | time: 0.040
I 06.04/02:34:07 solver.py:141 ] Epoch: [3/400][40/45] lr: 1.44e-05 | MSE loss: 1.1707e-02 | time: 0.044
I 06.04/02:34:08 solver.py:151 ] => Train  Loss: 1.1657e-02

I 06.04/02:34:08 solver.py:141 ] Epoch: [4/400][20/45] lr: 1.72e-05 | MSE loss: 1.2059e-02 | time: 0.032
I 06.04/02:34:09 solver.py:141 ] Epoch: [4/400][40/45] lr: 1.94e-05 | MSE loss: 1.1799e-02 | time: 0.034
I 06.04/02:34:09 solver.py:151 ] => Train  Loss: 1.1655e-02

I 06.04/02:34:10 solver.py:141 ] Epoch: [5/400][20/45] lr: 2.22e-05 | MSE loss: 1.1953e-02 | time: 0.038
I 06.04/02:34:11 solver.py:141 ] Epoch: [5/400][40/45] lr: 2.44e-05 | MSE loss: 1.1792e-02 | time: 0.044
I 06.04/02:34:11 solver.py:151 ] => Train  Loss: 1.1653e-02

I 06.04/02:34:12 solver.py:141 ] Epoch: [6/400][20/45] lr: 2.72e-05 | MSE loss: 1.0531e-02 | time: 0.046
I 06.04/02:34:13 solver.py:141 ] Epoch: [6/400][40/45] lr: 2.94e-05 | MSE loss: 1.1445e-02 | time: 0.045
I 06.04/02:34:13 solver.py:151 ] => Train  Loss: 1.1651e-02

I 06.04/02:34:14 solver.py:141 ] Epoch: [7/400][20/45] lr: 3.22e-05 | MSE loss: 1.2059e-02 | time: 0.045
I 06.04/02:34:15 solver.py:141 ] Epoch: [7/400][40/45] lr: 3.44e-05 | MSE loss: 1.1781e-02 | time: 0.046
I 06.04/02:34:15 solver.py:151 ] => Train  Loss: 1.1649e-02

I 06.04/02:34:16 solver.py:141 ] Epoch: [8/400][20/45] lr: 3.72e-05 | MSE loss: 1.1398e-02 | time: 0.045
I 06.04/02:34:17 solver.py:141 ] Epoch: [8/400][40/45] lr: 3.94e-05 | MSE loss: 1.1732e-02 | time: 0.045
I 06.04/02:34:17 solver.py:151 ] => Train  Loss: 1.1647e-02

I 06.04/02:34:18 solver.py:141 ] Epoch: [9/400][20/45] lr: 4.22e-05 | MSE loss: 1.1235e-02 | time: 0.047
I 06.04/02:34:19 solver.py:141 ] Epoch: [9/400][40/45] lr: 4.44e-05 | MSE loss: 1.1734e-02 | time: 0.047
I 06.04/02:34:19 solver.py:151 ] => Train  Loss: 1.1646e-02

I 06.04/02:34:20 solver.py:141 ] Epoch: [10/400][20/45] lr: 4.72e-05 | MSE loss: 1.2212e-02 | time: 0.047
I 06.04/02:34:21 solver.py:141 ] Epoch: [10/400][40/45] lr: 4.94e-05 | MSE loss: 1.1797e-02 | time: 0.046
I 06.04/02:34:21 solver.py:151 ] => Train  Loss: 1.1644e-02

I 06.04/02:34:22 solver.py:151 ] => Val  Loss: 1.0779e-02

I 06.04/02:34:22 solver.py:285 ] => Test NMSE: -1.6725e+01

I 06.04/02:34:22 solver.py:206 ] 
=! Best NMSE: -1.6725e+01 (epoch=10)

I 06.04/02:34:23 solver.py:141 ] Epoch: [11/400][20/45] lr: 5.22e-05 | MSE loss: 1.2054e-02 | time: 0.045
I 06.04/02:34:24 solver.py:141 ] Epoch: [11/400][40/45] lr: 5.44e-05 | MSE loss: 1.1700e-02 | time: 0.046
I 06.04/02:34:24 solver.py:151 ] => Train  Loss: 1.1643e-02

I 06.04/02:34:24 solver.py:206 ] 
=! Best NMSE: -1.6725e+01 (epoch=10)

I 06.04/02:34:25 solver.py:141 ] Epoch: [12/400][20/45] lr: 5.72e-05 | MSE loss: 1.2039e-02 | time: 0.045
I 06.04/02:34:26 solver.py:141 ] Epoch: [12/400][40/45] lr: 5.94e-05 | MSE loss: 1.1569e-02 | time: 0.046
I 06.04/02:34:26 solver.py:151 ] => Train  Loss: 1.1641e-02

I 06.04/02:34:26 solver.py:206 ] 
=! Best NMSE: -1.6725e+01 (epoch=10)

I 06.04/02:34:27 solver.py:141 ] Epoch: [13/400][20/45] lr: 6.22e-05 | MSE loss: 1.1691e-02 | time: 0.046
I 06.04/02:34:28 solver.py:141 ] Epoch: [13/400][40/45] lr: 6.44e-05 | MSE loss: 1.1552e-02 | time: 0.046
I 06.04/02:34:28 solver.py:151 ] => Train  Loss: 1.1640e-02

I 06.04/02:34:28 solver.py:206 ] 
=! Best NMSE: -1.6725e+01 (epoch=10)

I 06.04/02:34:29 solver.py:141 ] Epoch: [14/400][20/45] lr: 6.72e-05 | MSE loss: 1.1385e-02 | time: 0.045
I 06.04/02:34:30 solver.py:141 ] Epoch: [14/400][40/45] lr: 6.94e-05 | MSE loss: 1.1580e-02 | time: 0.046
I 06.04/02:34:30 solver.py:151 ] => Train  Loss: 1.1639e-02

I 06.04/02:34:30 solver.py:206 ] 
=! Best NMSE: -1.6725e+01 (epoch=10)

I 06.04/02:34:31 solver.py:141 ] Epoch: [15/400][20/45] lr: 7.22e-05 | MSE loss: 1.1512e-02 | time: 0.047
I 06.04/02:34:32 solver.py:141 ] Epoch: [15/400][40/45] lr: 7.44e-05 | MSE loss: 1.1588e-02 | time: 0.048
I 06.04/02:34:33 solver.py:151 ] => Train  Loss: 1.1638e-02

I 06.04/02:34:33 solver.py:206 ] 
=! Best NMSE: -1.6725e+01 (epoch=10)

I 06.04/02:34:34 solver.py:141 ] Epoch: [16/400][20/45] lr: 7.72e-05 | MSE loss: 1.1204e-02 | time: 0.046
I 06.04/02:34:35 solver.py:141 ] Epoch: [16/400][40/45] lr: 7.94e-05 | MSE loss: 1.1518e-02 | time: 0.047
I 06.04/02:34:35 solver.py:151 ] => Train  Loss: 1.1637e-02

I 06.04/02:34:35 solver.py:206 ] 
=! Best NMSE: -1.6725e+01 (epoch=10)

I 06.04/02:34:36 solver.py:141 ] Epoch: [17/400][20/45] lr: 8.22e-05 | MSE loss: 1.1587e-02 | time: 0.047
I 06.04/02:34:37 solver.py:141 ] Epoch: [17/400][40/45] lr: 8.44e-05 | MSE loss: 1.1589e-02 | time: 0.047
I 06.04/02:34:37 solver.py:151 ] => Train  Loss: 1.1636e-02

I 06.04/02:34:37 solver.py:206 ] 
=! Best NMSE: -1.6725e+01 (epoch=10)

I 06.04/02:34:38 solver.py:141 ] Epoch: [18/400][20/45] lr: 8.72e-05 | MSE loss: 1.1339e-02 | time: 0.046
I 06.04/02:34:39 solver.py:141 ] Epoch: [18/400][40/45] lr: 8.94e-05 | MSE loss: 1.1525e-02 | time: 0.047
I 06.04/02:34:39 solver.py:151 ] => Train  Loss: 1.1635e-02

I 06.04/02:34:39 solver.py:206 ] 
=! Best NMSE: -1.6725e+01 (epoch=10)

I 06.04/02:34:40 solver.py:141 ] Epoch: [19/400][20/45] lr: 9.22e-05 | MSE loss: 1.2300e-02 | time: 0.045
I 06.04/02:34:41 solver.py:141 ] Epoch: [19/400][40/45] lr: 9.44e-05 | MSE loss: 1.1652e-02 | time: 0.046
I 06.04/02:34:41 solver.py:151 ] => Train  Loss: 1.1634e-02

I 06.04/02:34:41 solver.py:206 ] 
=! Best NMSE: -1.6725e+01 (epoch=10)

I 06.04/02:34:42 solver.py:141 ] Epoch: [20/400][20/45] lr: 9.72e-05 | MSE loss: 1.1372e-02 | time: 0.045
I 06.04/02:34:43 solver.py:141 ] Epoch: [20/400][40/45] lr: 9.94e-05 | MSE loss: 1.1676e-02 | time: 0.044
I 06.04/02:34:43 solver.py:151 ] => Train  Loss: 1.1634e-02

I 06.04/02:34:43 solver.py:151 ] => Val  Loss: 1.0779e-02

I 06.04/02:34:43 solver.py:285 ] => Test NMSE: -1.6725e+01

I 06.04/02:34:43 solver.py:206 ] 
=! Best NMSE: -1.6725e+01 (epoch=10)

I 06.04/02:34:44 solver.py:141 ] Epoch: [21/400][20/45] lr: 1.02e-04 | MSE loss: 1.1571e-02 | time: 0.041
I 06.04/02:34:45 solver.py:141 ] Epoch: [21/400][40/45] lr: 1.04e-04 | MSE loss: 1.1790e-02 | time: 0.044
I 06.04/02:34:45 solver.py:151 ] => Train  Loss: 1.1633e-02

I 06.04/02:34:45 solver.py:206 ] 
=! Best NMSE: -1.6725e+01 (epoch=10)

I 06.04/02:34:46 solver.py:141 ] Epoch: [22/400][20/45] lr: 1.07e-04 | MSE loss: 1.1815e-02 | time: 0.043
I 06.04/02:34:47 solver.py:141 ] Epoch: [22/400][40/45] lr: 1.09e-04 | MSE loss: 1.1510e-02 | time: 0.046
I 06.04/02:34:47 solver.py:151 ] => Train  Loss: 1.1632e-02

I 06.04/02:34:47 solver.py:206 ] 
=! Best NMSE: -1.6725e+01 (epoch=10)

I 06.04/02:34:48 solver.py:141 ] Epoch: [23/400][20/45] lr: 1.12e-04 | MSE loss: 1.1247e-02 | time: 0.046
I 06.04/02:34:49 solver.py:141 ] Epoch: [23/400][40/45] lr: 1.14e-04 | MSE loss: 1.1613e-02 | time: 0.047
I 06.04/02:34:49 solver.py:151 ] => Train  Loss: 1.1631e-02

I 06.04/02:34:49 solver.py:206 ] 
=! Best NMSE: -1.6725e+01 (epoch=10)

I 06.04/02:34:50 solver.py:141 ] Epoch: [24/400][20/45] lr: 1.17e-04 | MSE loss: 1.2174e-02 | time: 0.045
I 06.04/02:34:51 solver.py:141 ] Epoch: [24/400][40/45] lr: 1.19e-04 | MSE loss: 1.1530e-02 | time: 0.046
I 06.04/02:34:51 solver.py:151 ] => Train  Loss: 1.1630e-02

I 06.04/02:34:51 solver.py:206 ] 
=! Best NMSE: -1.6725e+01 (epoch=10)

I 06.04/02:34:52 solver.py:141 ] Epoch: [25/400][20/45] lr: 1.22e-04 | MSE loss: 1.1767e-02 | time: 0.046
I 06.04/02:34:53 solver.py:141 ] Epoch: [25/400][40/45] lr: 1.24e-04 | MSE loss: 1.1636e-02 | time: 0.046
I 06.04/02:34:53 solver.py:151 ] => Train  Loss: 1.1630e-02

I 06.04/02:34:54 solver.py:206 ] 
=! Best NMSE: -1.6725e+01 (epoch=10)

I 06.04/02:34:54 solver.py:141 ] Epoch: [26/400][20/45] lr: 1.27e-04 | MSE loss: 1.1197e-02 | time: 0.045
I 06.04/02:34:55 solver.py:141 ] Epoch: [26/400][40/45] lr: 1.29e-04 | MSE loss: 1.1697e-02 | time: 0.046
I 06.04/02:34:56 solver.py:151 ] => Train  Loss: 1.1630e-02

I 06.04/02:34:56 solver.py:206 ] 
=! Best NMSE: -1.6725e+01 (epoch=10)

I 06.04/02:34:56 solver.py:141 ] Epoch: [27/400][20/45] lr: 1.32e-04 | MSE loss: 1.1557e-02 | time: 0.039
I 06.04/02:34:57 solver.py:141 ] Epoch: [27/400][40/45] lr: 1.34e-04 | MSE loss: 1.1674e-02 | time: 0.043
I 06.04/02:34:58 solver.py:151 ] => Train  Loss: 1.1629e-02

I 06.04/02:34:58 solver.py:206 ] 
=! Best NMSE: -1.6725e+01 (epoch=10)

I 06.04/02:34:59 solver.py:141 ] Epoch: [28/400][20/45] lr: 1.37e-04 | MSE loss: 1.0689e-02 | time: 0.047
I 06.04/02:34:59 solver.py:141 ] Epoch: [28/400][40/45] lr: 1.39e-04 | MSE loss: 1.1540e-02 | time: 0.047
I 06.04/02:35:00 solver.py:151 ] => Train  Loss: 1.1628e-02

I 06.04/02:35:00 solver.py:206 ] 
=! Best NMSE: -1.6725e+01 (epoch=10)

I 06.04/02:35:00 solver.py:141 ] Epoch: [29/400][20/45] lr: 1.42e-04 | MSE loss: 1.1772e-02 | time: 0.033
I 06.04/02:35:01 solver.py:141 ] Epoch: [29/400][40/45] lr: 1.44e-04 | MSE loss: 1.1794e-02 | time: 0.031
I 06.04/02:35:01 solver.py:151 ] => Train  Loss: 1.1627e-02

I 06.04/02:35:01 solver.py:206 ] 
=! Best NMSE: -1.6725e+01 (epoch=10)

I 06.04/02:35:02 solver.py:141 ] Epoch: [30/400][20/45] lr: 1.47e-04 | MSE loss: 1.1288e-02 | time: 0.036
I 06.04/02:35:03 solver.py:141 ] Epoch: [30/400][40/45] lr: 1.49e-04 | MSE loss: 1.1438e-02 | time: 0.038
I 06.04/02:35:03 solver.py:151 ] => Train  Loss: 1.1627e-02

I 06.04/02:35:03 solver.py:151 ] => Val  Loss: 1.0779e-02

I 06.04/02:35:03 solver.py:285 ] => Test NMSE: -1.6725e+01

I 06.04/02:35:03 solver.py:206 ] 
=! Best NMSE: -1.6725e+01 (epoch=10)

I 06.04/02:35:04 solver.py:141 ] Epoch: [31/400][20/45] lr: 1.52e-04 | MSE loss: 1.1199e-02 | time: 0.043
I 06.04/02:35:05 solver.py:141 ] Epoch: [31/400][40/45] lr: 1.54e-04 | MSE loss: 1.1584e-02 | time: 0.038
I 06.04/02:35:05 solver.py:151 ] => Train  Loss: 1.1626e-02

I 06.04/02:35:05 solver.py:206 ] 
=! Best NMSE: -1.6725e+01 (epoch=10)

I 06.04/02:35:05 solver.py:141 ] Epoch: [32/400][20/45] lr: 1.57e-04 | MSE loss: 1.1571e-02 | time: 0.029
I 06.04/02:35:06 solver.py:141 ] Epoch: [32/400][40/45] lr: 1.59e-04 | MSE loss: 1.1329e-02 | time: 0.027
I 06.04/02:35:06 solver.py:151 ] => Train  Loss: 1.1626e-02

I 06.04/02:35:06 solver.py:206 ] 
=! Best NMSE: -1.6725e+01 (epoch=10)

I 06.04/02:35:07 solver.py:141 ] Epoch: [33/400][20/45] lr: 1.62e-04 | MSE loss: 1.2144e-02 | time: 0.041
I 06.04/02:35:08 solver.py:141 ] Epoch: [33/400][40/45] lr: 1.64e-04 | MSE loss: 1.1560e-02 | time: 0.045
I 06.04/02:35:08 solver.py:151 ] => Train  Loss: 1.1625e-02

I 06.04/02:35:08 solver.py:206 ] 
=! Best NMSE: -1.6725e+01 (epoch=10)

I 06.04/02:35:09 solver.py:141 ] Epoch: [34/400][20/45] lr: 1.67e-04 | MSE loss: 1.1465e-02 | time: 0.046
I 06.04/02:35:10 solver.py:141 ] Epoch: [34/400][40/45] lr: 1.69e-04 | MSE loss: 1.1336e-02 | time: 0.048
I 06.04/02:35:10 solver.py:151 ] => Train  Loss: 1.1625e-02

I 06.04/02:35:10 solver.py:206 ] 
=! Best NMSE: -1.6725e+01 (epoch=10)

I 06.04/02:35:11 solver.py:141 ] Epoch: [35/400][20/45] lr: 1.72e-04 | MSE loss: 1.2256e-02 | time: 0.046
I 06.04/02:35:12 solver.py:141 ] Epoch: [35/400][40/45] lr: 1.74e-04 | MSE loss: 1.1539e-02 | time: 0.043
I 06.04/02:35:12 solver.py:151 ] => Train  Loss: 1.1624e-02

I 06.04/02:35:12 solver.py:206 ] 
=! Best NMSE: -1.6725e+01 (epoch=10)

I 06.04/02:35:13 solver.py:141 ] Epoch: [36/400][20/45] lr: 1.77e-04 | MSE loss: 1.1553e-02 | time: 0.047
I 06.04/02:35:14 solver.py:141 ] Epoch: [36/400][40/45] lr: 1.79e-04 | MSE loss: 1.1573e-02 | time: 0.047
I 06.04/02:35:14 solver.py:151 ] => Train  Loss: 1.1624e-02

I 06.04/02:35:14 solver.py:206 ] 
=! Best NMSE: -1.6725e+01 (epoch=10)

I 06.04/02:35:15 solver.py:141 ] Epoch: [37/400][20/45] lr: 1.82e-04 | MSE loss: 1.2539e-02 | time: 0.045
I 06.04/02:35:16 solver.py:141 ] Epoch: [37/400][40/45] lr: 1.84e-04 | MSE loss: 1.1944e-02 | time: 0.045
I 06.04/02:35:16 solver.py:151 ] => Train  Loss: 1.1623e-02

I 06.04/02:35:16 solver.py:206 ] 
=! Best NMSE: -1.6725e+01 (epoch=10)

I 06.04/02:35:17 solver.py:141 ] Epoch: [38/400][20/45] lr: 1.87e-04 | MSE loss: 1.1506e-02 | time: 0.039
I 06.04/02:35:18 solver.py:141 ] Epoch: [38/400][40/45] lr: 1.89e-04 | MSE loss: 1.1827e-02 | time: 0.042
I 06.04/02:35:18 solver.py:151 ] => Train  Loss: 1.1623e-02

I 06.04/02:35:18 solver.py:206 ] 
=! Best NMSE: -1.6725e+01 (epoch=10)

I 06.04/02:35:19 solver.py:141 ] Epoch: [39/400][20/45] lr: 1.92e-04 | MSE loss: 1.1596e-02 | time: 0.045
I 06.04/02:35:20 solver.py:141 ] Epoch: [39/400][40/45] lr: 1.94e-04 | MSE loss: 1.1627e-02 | time: 0.045
I 06.04/02:35:20 solver.py:151 ] => Train  Loss: 1.1623e-02

I 06.04/02:35:20 solver.py:206 ] 
=! Best NMSE: -1.6725e+01 (epoch=10)

I 06.04/02:35:21 solver.py:141 ] Epoch: [40/400][20/45] lr: 1.97e-04 | MSE loss: 1.1673e-02 | time: 0.045
I 06.04/02:35:22 solver.py:141 ] Epoch: [40/400][40/45] lr: 1.99e-04 | MSE loss: 1.1638e-02 | time: 0.045
I 06.04/02:35:22 solver.py:151 ] => Train  Loss: 1.1622e-02

I 06.04/02:35:22 solver.py:151 ] => Val  Loss: 1.0779e-02

I 06.04/02:35:23 solver.py:285 ] => Test NMSE: -1.6725e+01

I 06.04/02:35:23 solver.py:206 ] 
=! Best NMSE: -1.6725e+01 (epoch=10)

I 06.04/02:35:23 solver.py:141 ] Epoch: [41/400][20/45] lr: 2.00e-04 | MSE loss: 1.1578e-02 | time: 0.041
I 06.04/02:35:24 solver.py:141 ] Epoch: [41/400][40/45] lr: 2.00e-04 | MSE loss: 1.1563e-02 | time: 0.043
I 06.04/02:35:24 solver.py:151 ] => Train  Loss: 1.1622e-02

I 06.04/02:35:24 solver.py:206 ] 
=! Best NMSE: -1.6725e+01 (epoch=10)

I 06.04/02:35:25 solver.py:141 ] Epoch: [42/400][20/45] lr: 2.00e-04 | MSE loss: 1.1527e-02 | time: 0.046
I 06.04/02:35:26 solver.py:141 ] Epoch: [42/400][40/45] lr: 2.00e-04 | MSE loss: 1.1499e-02 | time: 0.047
I 06.04/02:35:27 solver.py:151 ] => Train  Loss: 1.1621e-02

I 06.04/02:35:27 solver.py:206 ] 
=! Best NMSE: -1.6725e+01 (epoch=10)

I 06.04/02:35:28 solver.py:141 ] Epoch: [43/400][20/45] lr: 2.00e-04 | MSE loss: 1.2195e-02 | time: 0.045
I 06.04/02:35:28 solver.py:141 ] Epoch: [43/400][40/45] lr: 2.00e-04 | MSE loss: 1.1420e-02 | time: 0.046
I 06.04/02:35:29 solver.py:151 ] => Train  Loss: 1.1622e-02

I 06.04/02:35:29 solver.py:206 ] 
=! Best NMSE: -1.6725e+01 (epoch=10)

I 06.04/02:35:30 solver.py:141 ] Epoch: [44/400][20/45] lr: 2.00e-04 | MSE loss: 1.1477e-02 | time: 0.046
I 06.04/02:35:31 solver.py:141 ] Epoch: [44/400][40/45] lr: 2.00e-04 | MSE loss: 1.1674e-02 | time: 0.046
I 06.04/02:35:31 solver.py:151 ] => Train  Loss: 1.1620e-02

I 06.04/02:35:31 solver.py:206 ] 
=! Best NMSE: -1.6725e+01 (epoch=10)

I 06.04/02:35:32 solver.py:141 ] Epoch: [45/400][20/45] lr: 2.00e-04 | MSE loss: 1.2040e-02 | time: 0.045
I 06.04/02:35:33 solver.py:141 ] Epoch: [45/400][40/45] lr: 2.00e-04 | MSE loss: 1.1696e-02 | time: 0.045
I 06.04/02:35:33 solver.py:151 ] => Train  Loss: 1.1620e-02

I 06.04/02:35:33 solver.py:206 ] 
=! Best NMSE: -1.6725e+01 (epoch=10)

I 06.04/02:35:34 solver.py:141 ] Epoch: [46/400][20/45] lr: 2.00e-04 | MSE loss: 1.1213e-02 | time: 0.045
I 06.04/02:35:35 solver.py:141 ] Epoch: [46/400][40/45] lr: 2.00e-04 | MSE loss: 1.1698e-02 | time: 0.044
I 06.04/02:35:35 solver.py:151 ] => Train  Loss: 1.1621e-02

I 06.04/02:35:35 solver.py:206 ] 
=! Best NMSE: -1.6725e+01 (epoch=10)

I 06.04/02:35:36 solver.py:141 ] Epoch: [47/400][20/45] lr: 2.00e-04 | MSE loss: 1.1101e-02 | time: 0.045
I 06.04/02:35:37 solver.py:141 ] Epoch: [47/400][40/45] lr: 2.00e-04 | MSE loss: 1.1625e-02 | time: 0.046
I 06.04/02:35:37 solver.py:151 ] => Train  Loss: 1.1619e-02

I 06.04/02:35:37 solver.py:206 ] 
=! Best NMSE: -1.6725e+01 (epoch=10)

I 06.04/02:35:38 solver.py:141 ] Epoch: [48/400][20/45] lr: 2.00e-04 | MSE loss: 1.1413e-02 | time: 0.046
I 06.04/02:35:39 solver.py:141 ] Epoch: [48/400][40/45] lr: 2.00e-04 | MSE loss: 1.1591e-02 | time: 0.045
I 06.04/02:35:39 solver.py:151 ] => Train  Loss: 1.1619e-02

I 06.04/02:35:39 solver.py:206 ] 
=! Best NMSE: -1.6725e+01 (epoch=10)

I 06.04/02:35:40 solver.py:141 ] Epoch: [49/400][20/45] lr: 2.00e-04 | MSE loss: 1.1594e-02 | time: 0.044
I 06.04/02:35:41 solver.py:141 ] Epoch: [49/400][40/45] lr: 2.00e-04 | MSE loss: 1.1639e-02 | time: 0.040
I 06.04/02:35:41 solver.py:151 ] => Train  Loss: 1.1619e-02

I 06.04/02:35:41 solver.py:206 ] 
=! Best NMSE: -1.6725e+01 (epoch=10)

I 06.04/02:35:42 solver.py:141 ] Epoch: [50/400][20/45] lr: 2.00e-04 | MSE loss: 1.1444e-02 | time: 0.042
I 06.04/02:35:42 solver.py:141 ] Epoch: [50/400][40/45] lr: 2.00e-04 | MSE loss: 1.1369e-02 | time: 0.042
I 06.04/02:35:43 solver.py:151 ] => Train  Loss: 1.1618e-02

I 06.04/02:35:43 solver.py:151 ] => Val  Loss: 1.0779e-02

I 06.04/02:35:43 solver.py:285 ] => Test NMSE: -1.6725e+01

I 06.04/02:35:43 solver.py:206 ] 
=! Best NMSE: -1.6725e+01 (epoch=10)

I 06.04/02:35:44 solver.py:141 ] Epoch: [51/400][20/45] lr: 2.00e-04 | MSE loss: 1.1937e-02 | time: 0.041
I 06.04/02:35:45 solver.py:141 ] Epoch: [51/400][40/45] lr: 2.00e-04 | MSE loss: 1.1486e-02 | time: 0.045
I 06.04/02:35:45 solver.py:151 ] => Train  Loss: 1.1618e-02

I 06.04/02:35:45 solver.py:206 ] 
=! Best NMSE: -1.6725e+01 (epoch=10)

I 06.04/02:35:46 solver.py:141 ] Epoch: [52/400][20/45] lr: 2.00e-04 | MSE loss: 1.1966e-02 | time: 0.046
I 06.04/02:35:47 solver.py:141 ] Epoch: [52/400][40/45] lr: 2.00e-04 | MSE loss: 1.1688e-02 | time: 0.047
I 06.04/02:35:47 solver.py:151 ] => Train  Loss: 1.1617e-02

I 06.04/02:35:47 solver.py:206 ] 
=! Best NMSE: -1.6725e+01 (epoch=10)

I 06.04/02:35:48 solver.py:141 ] Epoch: [53/400][20/45] lr: 2.00e-04 | MSE loss: 1.2537e-02 | time: 0.046
I 06.04/02:35:49 solver.py:141 ] Epoch: [53/400][40/45] lr: 2.00e-04 | MSE loss: 1.1536e-02 | time: 0.046
I 06.04/02:35:49 solver.py:151 ] => Train  Loss: 1.1617e-02

I 06.04/02:35:49 solver.py:206 ] 
=! Best NMSE: -1.6725e+01 (epoch=10)

I 06.04/02:35:50 solver.py:141 ] Epoch: [54/400][20/45] lr: 1.99e-04 | MSE loss: 1.1344e-02 | time: 0.047
I 06.04/02:35:51 solver.py:141 ] Epoch: [54/400][40/45] lr: 1.99e-04 | MSE loss: 1.1687e-02 | time: 0.047
I 06.04/02:35:51 solver.py:151 ] => Train  Loss: 1.1617e-02

I 06.04/02:35:51 solver.py:206 ] 
=! Best NMSE: -1.6725e+01 (epoch=10)

I 06.04/02:35:52 solver.py:141 ] Epoch: [55/400][20/45] lr: 1.99e-04 | MSE loss: 1.2142e-02 | time: 0.046
I 06.04/02:35:53 solver.py:141 ] Epoch: [55/400][40/45] lr: 1.99e-04 | MSE loss: 1.1570e-02 | time: 0.044
I 06.04/02:35:53 solver.py:151 ] => Train  Loss: 1.1618e-02

I 06.04/02:35:53 solver.py:206 ] 
=! Best NMSE: -1.6725e+01 (epoch=10)

I 06.04/02:35:54 solver.py:141 ] Epoch: [56/400][20/45] lr: 1.99e-04 | MSE loss: 1.1889e-02 | time: 0.044
I 06.04/02:35:55 solver.py:141 ] Epoch: [56/400][40/45] lr: 1.99e-04 | MSE loss: 1.1711e-02 | time: 0.044
I 06.04/02:35:55 solver.py:151 ] => Train  Loss: 1.1617e-02

I 06.04/02:35:55 solver.py:206 ] 
=! Best NMSE: -1.6725e+01 (epoch=10)

I 06.04/02:35:56 solver.py:141 ] Epoch: [57/400][20/45] lr: 1.99e-04 | MSE loss: 1.1665e-02 | time: 0.038
I 06.04/02:35:57 solver.py:141 ] Epoch: [57/400][40/45] lr: 1.99e-04 | MSE loss: 1.1905e-02 | time: 0.040
I 06.04/02:35:57 solver.py:151 ] => Train  Loss: 1.1616e-02

I 06.04/02:35:57 solver.py:206 ] 
=! Best NMSE: -1.6725e+01 (epoch=10)

I 06.04/02:35:58 solver.py:141 ] Epoch: [58/400][20/45] lr: 1.99e-04 | MSE loss: 1.1606e-02 | time: 0.045
I 06.04/02:35:59 solver.py:141 ] Epoch: [58/400][40/45] lr: 1.99e-04 | MSE loss: 1.1632e-02 | time: 0.045
I 06.04/02:35:59 solver.py:151 ] => Train  Loss: 1.1616e-02

I 06.04/02:35:59 solver.py:206 ] 
=! Best NMSE: -1.6725e+01 (epoch=10)

I 06.04/02:36:00 solver.py:141 ] Epoch: [59/400][20/45] lr: 1.99e-04 | MSE loss: 1.1385e-02 | time: 0.045
I 06.04/02:36:01 solver.py:141 ] Epoch: [59/400][40/45] lr: 1.99e-04 | MSE loss: 1.1626e-02 | time: 0.040
I 06.04/02:36:01 solver.py:151 ] => Train  Loss: 1.1616e-02

I 06.04/02:36:01 solver.py:206 ] 
=! Best NMSE: -1.6725e+01 (epoch=10)

I 06.04/02:36:01 solver.py:141 ] Epoch: [60/400][20/45] lr: 1.99e-04 | MSE loss: 1.2058e-02 | time: 0.035
I 06.04/02:36:02 solver.py:141 ] Epoch: [60/400][40/45] lr: 1.99e-04 | MSE loss: 1.1630e-02 | time: 0.037
I 06.04/02:36:02 solver.py:151 ] => Train  Loss: 1.1616e-02

I 06.04/02:36:03 solver.py:151 ] => Val  Loss: 1.0779e-02

I 06.04/02:36:03 solver.py:285 ] => Test NMSE: -1.6725e+01

I 06.04/02:36:03 solver.py:206 ] 
=! Best NMSE: -1.6725e+01 (epoch=10)

I 06.04/02:36:04 solver.py:141 ] Epoch: [61/400][20/45] lr: 1.99e-04 | MSE loss: 1.1096e-02 | time: 0.044
I 06.04/02:36:04 solver.py:141 ] Epoch: [61/400][40/45] lr: 1.99e-04 | MSE loss: 1.1558e-02 | time: 0.041
I 06.04/02:36:05 solver.py:151 ] => Train  Loss: 1.1616e-02

I 06.04/02:36:05 solver.py:206 ] 
=! Best NMSE: -1.6725e+01 (epoch=10)

I 06.04/02:36:05 solver.py:141 ] Epoch: [62/400][20/45] lr: 1.99e-04 | MSE loss: 1.1015e-02 | time: 0.034
I 06.04/02:36:06 solver.py:141 ] Epoch: [62/400][40/45] lr: 1.99e-04 | MSE loss: 1.1607e-02 | time: 0.033
I 06.04/02:36:06 solver.py:151 ] => Train  Loss: 1.1615e-02

I 06.04/02:36:06 solver.py:206 ] 
=! Best NMSE: -1.6725e+01 (epoch=10)

I 06.04/02:36:07 solver.py:141 ] Epoch: [63/400][20/45] lr: 1.99e-04 | MSE loss: 1.1768e-02 | time: 0.045
I 06.04/02:36:08 solver.py:141 ] Epoch: [63/400][40/45] lr: 1.99e-04 | MSE loss: 1.1447e-02 | time: 0.045
I 06.04/02:36:08 solver.py:151 ] => Train  Loss: 1.1615e-02

I 06.04/02:36:08 solver.py:206 ] 
=! Best NMSE: -1.6725e+01 (epoch=10)

I 06.04/02:36:09 solver.py:141 ] Epoch: [64/400][20/45] lr: 1.98e-04 | MSE loss: 1.1478e-02 | time: 0.046
I 06.04/02:36:10 solver.py:141 ] Epoch: [64/400][40/45] lr: 1.98e-04 | MSE loss: 1.1621e-02 | time: 0.047
I 06.04/02:36:10 solver.py:151 ] => Train  Loss: 1.1615e-02

I 06.04/02:36:10 solver.py:206 ] 
=! Best NMSE: -1.6725e+01 (epoch=10)

I 06.04/02:36:11 solver.py:141 ] Epoch: [65/400][20/45] lr: 1.98e-04 | MSE loss: 1.1944e-02 | time: 0.046
I 06.04/02:36:12 solver.py:141 ] Epoch: [65/400][40/45] lr: 1.98e-04 | MSE loss: 1.1786e-02 | time: 0.045
I 06.04/02:36:12 solver.py:151 ] => Train  Loss: 1.1615e-02

I 06.04/02:36:12 solver.py:206 ] 
=! Best NMSE: -1.6725e+01 (epoch=10)

I 06.04/02:36:13 solver.py:141 ] Epoch: [66/400][20/45] lr: 1.98e-04 | MSE loss: 1.2017e-02 | time: 0.046
I 06.04/02:36:14 solver.py:141 ] Epoch: [66/400][40/45] lr: 1.98e-04 | MSE loss: 1.1465e-02 | time: 0.046
I 06.04/02:36:14 solver.py:151 ] => Train  Loss: 1.1614e-02

I 06.04/02:36:14 solver.py:206 ] 
=! Best NMSE: -1.6725e+01 (epoch=10)

I 06.04/02:36:15 solver.py:141 ] Epoch: [67/400][20/45] lr: 1.98e-04 | MSE loss: 1.0892e-02 | time: 0.046
I 06.04/02:36:16 solver.py:141 ] Epoch: [67/400][40/45] lr: 1.98e-04 | MSE loss: 1.1445e-02 | time: 0.044
I 06.04/02:36:16 solver.py:151 ] => Train  Loss: 1.1615e-02

I 06.04/02:36:16 solver.py:206 ] 
=! Best NMSE: -1.6725e+01 (epoch=10)

I 06.04/02:36:17 solver.py:141 ] Epoch: [68/400][20/45] lr: 1.98e-04 | MSE loss: 1.1741e-02 | time: 0.044
I 06.04/02:36:18 solver.py:141 ] Epoch: [68/400][40/45] lr: 1.98e-04 | MSE loss: 1.1643e-02 | time: 0.045
I 06.04/02:36:18 solver.py:151 ] => Train  Loss: 1.1614e-02

I 06.04/02:36:18 solver.py:206 ] 
=! Best NMSE: -1.6725e+01 (epoch=10)

I 06.04/02:36:19 solver.py:141 ] Epoch: [69/400][20/45] lr: 1.98e-04 | MSE loss: 1.1144e-02 | time: 0.046
I 06.04/02:36:20 solver.py:141 ] Epoch: [69/400][40/45] lr: 1.98e-04 | MSE loss: 1.1463e-02 | time: 0.046
I 06.04/02:36:20 solver.py:151 ] => Train  Loss: 1.1614e-02

I 06.04/02:36:20 solver.py:206 ] 
=! Best NMSE: -1.6725e+01 (epoch=10)

I 06.04/02:36:21 solver.py:141 ] Epoch: [70/400][20/45] lr: 1.98e-04 | MSE loss: 1.1527e-02 | time: 0.047
I 06.04/02:36:22 solver.py:141 ] Epoch: [70/400][40/45] lr: 1.97e-04 | MSE loss: 1.1538e-02 | time: 0.047
I 06.04/02:36:22 solver.py:151 ] => Train  Loss: 1.1613e-02

I 06.04/02:36:23 solver.py:151 ] => Val  Loss: 1.0779e-02

I 06.04/02:36:23 solver.py:285 ] => Test NMSE: -1.6725e+01

I 06.04/02:36:23 solver.py:206 ] 
=! Best NMSE: -1.6725e+01 (epoch=10)

I 06.04/02:36:23 solver.py:141 ] Epoch: [71/400][20/45] lr: 1.97e-04 | MSE loss: 1.1340e-02 | time: 0.041
I 06.04/02:36:24 solver.py:141 ] Epoch: [71/400][40/45] lr: 1.97e-04 | MSE loss: 1.1550e-02 | time: 0.043
I 06.04/02:36:25 solver.py:151 ] => Train  Loss: 1.1613e-02

I 06.04/02:36:25 solver.py:206 ] 
=! Best NMSE: -1.6725e+01 (epoch=10)

I 06.04/02:36:25 solver.py:141 ] Epoch: [72/400][20/45] lr: 1.97e-04 | MSE loss: 1.1656e-02 | time: 0.044
I 06.04/02:36:26 solver.py:141 ] Epoch: [72/400][40/45] lr: 1.97e-04 | MSE loss: 1.1723e-02 | time: 0.045
I 06.04/02:36:27 solver.py:151 ] => Train  Loss: 1.1614e-02

I 06.04/02:36:27 solver.py:206 ] 
=! Best NMSE: -1.6725e+01 (epoch=10)

I 06.04/02:36:28 solver.py:141 ] Epoch: [73/400][20/45] lr: 1.97e-04 | MSE loss: 1.1490e-02 | time: 0.045
I 06.04/02:36:28 solver.py:141 ] Epoch: [73/400][40/45] lr: 1.97e-04 | MSE loss: 1.1617e-02 | time: 0.046
I 06.04/02:36:29 solver.py:151 ] => Train  Loss: 1.1613e-02

I 06.04/02:36:29 solver.py:206 ] 
=! Best NMSE: -1.6725e+01 (epoch=10)

I 06.04/02:36:30 solver.py:141 ] Epoch: [74/400][20/45] lr: 1.97e-04 | MSE loss: 1.1737e-02 | time: 0.046
I 06.04/02:36:31 solver.py:141 ] Epoch: [74/400][40/45] lr: 1.97e-04 | MSE loss: 1.1672e-02 | time: 0.047
I 06.04/02:36:31 solver.py:151 ] => Train  Loss: 1.1613e-02

I 06.04/02:36:31 solver.py:206 ] 
=! Best NMSE: -1.6725e+01 (epoch=10)

I 06.04/02:36:32 solver.py:141 ] Epoch: [75/400][20/45] lr: 1.97e-04 | MSE loss: 1.1012e-02 | time: 0.046
I 06.04/02:36:33 solver.py:141 ] Epoch: [75/400][40/45] lr: 1.97e-04 | MSE loss: 1.1504e-02 | time: 0.046
I 06.04/02:36:33 solver.py:151 ] => Train  Loss: 1.1613e-02

I 06.04/02:36:33 solver.py:206 ] 
=! Best NMSE: -1.6725e+01 (epoch=10)

I 06.04/02:36:34 solver.py:141 ] Epoch: [76/400][20/45] lr: 1.96e-04 | MSE loss: 1.2119e-02 | time: 0.045
I 06.04/02:36:35 solver.py:141 ] Epoch: [76/400][40/45] lr: 1.96e-04 | MSE loss: 1.1681e-02 | time: 0.045
I 06.04/02:36:35 solver.py:151 ] => Train  Loss: 1.1612e-02

I 06.04/02:36:35 solver.py:206 ] 
=! Best NMSE: -1.6725e+01 (epoch=10)

I 06.04/02:36:36 solver.py:141 ] Epoch: [77/400][20/45] lr: 1.96e-04 | MSE loss: 1.1389e-02 | time: 0.046
I 06.04/02:36:37 solver.py:141 ] Epoch: [77/400][40/45] lr: 1.96e-04 | MSE loss: 1.1677e-02 | time: 0.042
I 06.04/02:36:37 solver.py:151 ] => Train  Loss: 1.1613e-02

I 06.04/02:36:37 solver.py:206 ] 
=! Best NMSE: -1.6725e+01 (epoch=10)

I 06.04/02:36:38 solver.py:141 ] Epoch: [78/400][20/45] lr: 1.96e-04 | MSE loss: 1.1366e-02 | time: 0.038
I 06.04/02:36:38 solver.py:141 ] Epoch: [78/400][40/45] lr: 1.96e-04 | MSE loss: 1.1723e-02 | time: 0.038
I 06.04/02:36:38 solver.py:151 ] => Train  Loss: 1.1612e-02

I 06.04/02:36:39 solver.py:206 ] 
=! Best NMSE: -1.6725e+01 (epoch=10)

I 06.04/02:36:39 solver.py:141 ] Epoch: [79/400][20/45] lr: 1.96e-04 | MSE loss: 1.1098e-02 | time: 0.035
I 06.04/02:36:40 solver.py:141 ] Epoch: [79/400][40/45] lr: 1.96e-04 | MSE loss: 1.1380e-02 | time: 0.033
I 06.04/02:36:40 solver.py:151 ] => Train  Loss: 1.1611e-02

I 06.04/02:36:40 solver.py:206 ] 
=! Best NMSE: -1.6725e+01 (epoch=10)

I 06.04/02:36:41 solver.py:141 ] Epoch: [80/400][20/45] lr: 1.96e-04 | MSE loss: 1.2267e-02 | time: 0.047
I 06.04/02:36:42 solver.py:141 ] Epoch: [80/400][40/45] lr: 1.96e-04 | MSE loss: 1.1804e-02 | time: 0.048
I 06.04/02:36:42 solver.py:151 ] => Train  Loss: 1.1612e-02

I 06.04/02:36:42 solver.py:151 ] => Val  Loss: 1.0779e-02

I 06.04/02:36:42 solver.py:285 ] => Test NMSE: -1.6725e+01

I 06.04/02:36:42 solver.py:206 ] 
=! Best NMSE: -1.6725e+01 (epoch=10)

I 06.04/02:36:43 solver.py:141 ] Epoch: [81/400][20/45] lr: 1.95e-04 | MSE loss: 1.1989e-02 | time: 0.043
I 06.04/02:36:44 solver.py:141 ] Epoch: [81/400][40/45] lr: 1.95e-04 | MSE loss: 1.1766e-02 | time: 0.045
I 06.04/02:36:44 solver.py:151 ] => Train  Loss: 1.1612e-02

I 06.04/02:36:44 solver.py:206 ] 
=! Best NMSE: -1.6725e+01 (epoch=10)

I 06.04/02:36:45 solver.py:141 ] Epoch: [82/400][20/45] lr: 1.95e-04 | MSE loss: 1.1622e-02 | time: 0.047
I 06.04/02:36:46 solver.py:141 ] Epoch: [82/400][40/45] lr: 1.95e-04 | MSE loss: 1.1746e-02 | time: 0.046
I 06.04/02:36:47 solver.py:151 ] => Train  Loss: 1.1612e-02

I 06.04/02:36:47 solver.py:206 ] 
=! Best NMSE: -1.6725e+01 (epoch=10)

I 06.04/02:36:47 solver.py:141 ] Epoch: [83/400][20/45] lr: 1.95e-04 | MSE loss: 1.2321e-02 | time: 0.046
I 06.04/02:36:48 solver.py:141 ] Epoch: [83/400][40/45] lr: 1.95e-04 | MSE loss: 1.1839e-02 | time: 0.046
I 06.04/02:36:49 solver.py:151 ] => Train  Loss: 1.1612e-02

I 06.04/02:36:49 solver.py:206 ] 
=! Best NMSE: -1.6725e+01 (epoch=10)

I 06.04/02:36:50 solver.py:141 ] Epoch: [84/400][20/45] lr: 1.95e-04 | MSE loss: 1.1459e-02 | time: 0.046
I 06.04/02:36:50 solver.py:141 ] Epoch: [84/400][40/45] lr: 1.95e-04 | MSE loss: 1.1513e-02 | time: 0.046
I 06.04/02:36:51 solver.py:151 ] => Train  Loss: 1.1612e-02

I 06.04/02:36:51 solver.py:206 ] 
=! Best NMSE: -1.6725e+01 (epoch=10)

I 06.04/02:36:52 solver.py:141 ] Epoch: [85/400][20/45] lr: 1.94e-04 | MSE loss: 1.1665e-02 | time: 0.046
I 06.04/02:36:53 solver.py:141 ] Epoch: [85/400][40/45] lr: 1.94e-04 | MSE loss: 1.1672e-02 | time: 0.046
I 06.04/02:36:53 solver.py:151 ] => Train  Loss: 1.1611e-02

I 06.04/02:36:53 solver.py:206 ] 
=! Best NMSE: -1.6725e+01 (epoch=10)

I 06.04/02:36:54 solver.py:141 ] Epoch: [86/400][20/45] lr: 1.94e-04 | MSE loss: 1.1010e-02 | time: 0.045
I 06.04/02:36:55 solver.py:141 ] Epoch: [86/400][40/45] lr: 1.94e-04 | MSE loss: 1.1565e-02 | time: 0.046
I 06.04/02:36:55 solver.py:151 ] => Train  Loss: 1.1612e-02

I 06.04/02:36:55 solver.py:206 ] 
=! Best NMSE: -1.6725e+01 (epoch=10)

I 06.04/02:36:56 solver.py:141 ] Epoch: [87/400][20/45] lr: 1.94e-04 | MSE loss: 1.2135e-02 | time: 0.046
I 06.04/02:36:57 solver.py:141 ] Epoch: [87/400][40/45] lr: 1.94e-04 | MSE loss: 1.1660e-02 | time: 0.046
I 06.04/02:36:57 solver.py:151 ] => Train  Loss: 1.1612e-02

I 06.04/02:36:57 solver.py:206 ] 
=! Best NMSE: -1.6725e+01 (epoch=10)

I 06.04/02:36:58 solver.py:141 ] Epoch: [88/400][20/45] lr: 1.94e-04 | MSE loss: 1.1731e-02 | time: 0.045
I 06.04/02:36:59 solver.py:141 ] Epoch: [88/400][40/45] lr: 1.94e-04 | MSE loss: 1.1421e-02 | time: 0.044
I 06.04/02:36:59 solver.py:151 ] => Train  Loss: 1.1611e-02

I 06.04/02:36:59 solver.py:206 ] 
=! Best NMSE: -1.6725e+01 (epoch=10)

I 06.04/02:37:00 solver.py:141 ] Epoch: [89/400][20/45] lr: 1.93e-04 | MSE loss: 1.2040e-02 | time: 0.046
I 06.04/02:37:01 solver.py:141 ] Epoch: [89/400][40/45] lr: 1.93e-04 | MSE loss: 1.1660e-02 | time: 0.040
I 06.04/02:37:01 solver.py:151 ] => Train  Loss: 1.1610e-02

I 06.04/02:37:01 solver.py:206 ] 
=! Best NMSE: -1.6725e+01 (epoch=10)

I 06.04/02:37:01 solver.py:141 ] Epoch: [90/400][20/45] lr: 1.93e-04 | MSE loss: 1.2272e-02 | time: 0.035
I 06.04/02:37:02 solver.py:141 ] Epoch: [90/400][40/45] lr: 1.93e-04 | MSE loss: 1.1818e-02 | time: 0.037
I 06.04/02:37:02 solver.py:151 ] => Train  Loss: 1.1611e-02

I 06.04/02:37:03 solver.py:151 ] => Val  Loss: 1.0779e-02

I 06.04/02:37:03 solver.py:285 ] => Test NMSE: -1.6725e+01

I 06.04/02:37:03 solver.py:206 ] 
=! Best NMSE: -1.6725e+01 (epoch=10)

I 06.04/02:37:03 solver.py:141 ] Epoch: [91/400][20/45] lr: 1.93e-04 | MSE loss: 1.1648e-02 | time: 0.042
I 06.04/02:37:04 solver.py:141 ] Epoch: [91/400][40/45] lr: 1.93e-04 | MSE loss: 1.1653e-02 | time: 0.040
I 06.04/02:37:04 solver.py:151 ] => Train  Loss: 1.1610e-02

I 06.04/02:37:04 solver.py:206 ] 
=! Best NMSE: -1.6725e+01 (epoch=10)

I 06.04/02:37:05 solver.py:141 ] Epoch: [92/400][20/45] lr: 1.93e-04 | MSE loss: 1.1589e-02 | time: 0.036
I 06.04/02:37:06 solver.py:141 ] Epoch: [92/400][40/45] lr: 1.92e-04 | MSE loss: 1.1627e-02 | time: 0.033
I 06.04/02:37:06 solver.py:151 ] => Train  Loss: 1.1610e-02

I 06.04/02:37:06 solver.py:206 ] 
=! Best NMSE: -1.6725e+01 (epoch=10)

I 06.04/02:37:07 solver.py:141 ] Epoch: [93/400][20/45] lr: 1.92e-04 | MSE loss: 1.1975e-02 | time: 0.035
I 06.04/02:37:07 solver.py:141 ] Epoch: [93/400][40/45] lr: 1.92e-04 | MSE loss: 1.1655e-02 | time: 0.037
I 06.04/02:37:08 solver.py:151 ] => Train  Loss: 1.1610e-02

I 06.04/02:37:08 solver.py:206 ] 
=! Best NMSE: -1.6725e+01 (epoch=10)

I 06.04/02:37:09 solver.py:141 ] Epoch: [94/400][20/45] lr: 1.92e-04 | MSE loss: 1.1886e-02 | time: 0.046
I 06.04/02:37:09 solver.py:141 ] Epoch: [94/400][40/45] lr: 1.92e-04 | MSE loss: 1.1674e-02 | time: 0.045
I 06.04/02:37:10 solver.py:151 ] => Train  Loss: 1.1610e-02

I 06.04/02:37:10 solver.py:206 ] 
=! Best NMSE: -1.6725e+01 (epoch=10)

I 06.04/02:37:10 solver.py:141 ] Epoch: [95/400][20/45] lr: 1.92e-04 | MSE loss: 1.1619e-02 | time: 0.037
I 06.04/02:37:11 solver.py:141 ] Epoch: [95/400][40/45] lr: 1.92e-04 | MSE loss: 1.1529e-02 | time: 0.036
I 06.04/02:37:11 solver.py:151 ] => Train  Loss: 1.1609e-02

I 06.04/02:37:11 solver.py:206 ] 
=! Best NMSE: -1.6725e+01 (epoch=10)

I 06.04/02:37:12 solver.py:141 ] Epoch: [96/400][20/45] lr: 1.91e-04 | MSE loss: 1.1687e-02 | time: 0.038
I 06.04/02:37:13 solver.py:141 ] Epoch: [96/400][40/45] lr: 1.91e-04 | MSE loss: 1.1665e-02 | time: 0.041
I 06.04/02:37:13 solver.py:151 ] => Train  Loss: 1.1610e-02

I 06.04/02:37:13 solver.py:206 ] 
=! Best NMSE: -1.6725e+01 (epoch=10)

I 06.04/02:37:14 solver.py:141 ] Epoch: [97/400][20/45] lr: 1.91e-04 | MSE loss: 1.1644e-02 | time: 0.046
I 06.04/02:37:15 solver.py:141 ] Epoch: [97/400][40/45] lr: 1.91e-04 | MSE loss: 1.1656e-02 | time: 0.046
I 06.04/02:37:15 solver.py:151 ] => Train  Loss: 1.1610e-02

I 06.04/02:37:15 solver.py:206 ] 
=! Best NMSE: -1.6725e+01 (epoch=10)

I 06.04/02:37:16 solver.py:141 ] Epoch: [98/400][20/45] lr: 1.91e-04 | MSE loss: 1.1409e-02 | time: 0.046
I 06.04/02:37:17 solver.py:141 ] Epoch: [98/400][40/45] lr: 1.91e-04 | MSE loss: 1.1697e-02 | time: 0.046
I 06.04/02:37:17 solver.py:151 ] => Train  Loss: 1.1609e-02

I 06.04/02:37:17 solver.py:206 ] 
=! Best NMSE: -1.6725e+01 (epoch=10)

I 06.04/02:37:18 solver.py:141 ] Epoch: [99/400][20/45] lr: 1.90e-04 | MSE loss: 1.1494e-02 | time: 0.044
I 06.04/02:37:19 solver.py:141 ] Epoch: [99/400][40/45] lr: 1.90e-04 | MSE loss: 1.1537e-02 | time: 0.042
I 06.04/02:37:19 solver.py:151 ] => Train  Loss: 1.1609e-02

I 06.04/02:37:19 solver.py:206 ] 
=! Best NMSE: -1.6725e+01 (epoch=10)

I 06.04/02:37:20 solver.py:141 ] Epoch: [100/400][20/45] lr: 1.90e-04 | MSE loss: 1.1310e-02 | time: 0.048
I 06.04/02:37:21 solver.py:141 ] Epoch: [100/400][40/45] lr: 1.90e-04 | MSE loss: 1.1456e-02 | time: 0.048
I 06.04/02:37:21 solver.py:151 ] => Train  Loss: 1.1610e-02

I 06.04/02:37:21 solver.py:151 ] => Val  Loss: 1.0779e-02

I 06.04/02:37:22 solver.py:285 ] => Test NMSE: -1.6725e+01

I 06.04/02:37:22 solver.py:206 ] 
=! Best NMSE: -1.6725e+01 (epoch=10)

I 06.04/02:37:22 solver.py:141 ] Epoch: [101/400][20/45] lr: 1.90e-04 | MSE loss: 1.2070e-02 | time: 0.042
I 06.04/02:37:23 solver.py:141 ] Epoch: [101/400][40/45] lr: 1.90e-04 | MSE loss: 1.1731e-02 | time: 0.044
I 06.04/02:37:24 solver.py:151 ] => Train  Loss: 1.1609e-02

I 06.04/02:37:24 solver.py:206 ] 
=! Best NMSE: -1.6725e+01 (epoch=10)

I 06.04/02:37:25 solver.py:141 ] Epoch: [102/400][20/45] lr: 1.89e-04 | MSE loss: 1.2151e-02 | time: 0.047
I 06.04/02:37:25 solver.py:141 ] Epoch: [102/400][40/45] lr: 1.89e-04 | MSE loss: 1.1577e-02 | time: 0.047
I 06.04/02:37:26 solver.py:151 ] => Train  Loss: 1.1610e-02

I 06.04/02:37:26 solver.py:206 ] 
=! Best NMSE: -1.6725e+01 (epoch=10)

I 06.04/02:37:27 solver.py:141 ] Epoch: [103/400][20/45] lr: 1.89e-04 | MSE loss: 1.1605e-02 | time: 0.045
I 06.04/02:37:28 solver.py:141 ] Epoch: [103/400][40/45] lr: 1.89e-04 | MSE loss: 1.1491e-02 | time: 0.046
I 06.04/02:37:28 solver.py:151 ] => Train  Loss: 1.1609e-02

I 06.04/02:37:28 solver.py:206 ] 
=! Best NMSE: -1.6725e+01 (epoch=10)

I 06.04/02:37:29 solver.py:141 ] Epoch: [104/400][20/45] lr: 1.89e-04 | MSE loss: 1.1575e-02 | time: 0.044
I 06.04/02:37:30 solver.py:141 ] Epoch: [104/400][40/45] lr: 1.89e-04 | MSE loss: 1.1644e-02 | time: 0.046
I 06.04/02:37:30 solver.py:151 ] => Train  Loss: 1.1609e-02

I 06.04/02:37:30 solver.py:206 ] 
=! Best NMSE: -1.6725e+01 (epoch=10)

I 06.04/02:37:31 solver.py:141 ] Epoch: [105/400][20/45] lr: 1.88e-04 | MSE loss: 1.1762e-02 | time: 0.041
I 06.04/02:37:32 solver.py:141 ] Epoch: [105/400][40/45] lr: 1.88e-04 | MSE loss: 1.1441e-02 | time: 0.042
I 06.04/02:37:32 solver.py:151 ] => Train  Loss: 1.1609e-02

I 06.04/02:37:32 solver.py:206 ] 
=! Best NMSE: -1.6725e+01 (epoch=10)

I 06.04/02:37:33 solver.py:141 ] Epoch: [106/400][20/45] lr: 1.88e-04 | MSE loss: 1.1399e-02 | time: 0.043
I 06.04/02:37:34 solver.py:141 ] Epoch: [106/400][40/45] lr: 1.88e-04 | MSE loss: 1.1339e-02 | time: 0.043
I 06.04/02:37:34 solver.py:151 ] => Train  Loss: 1.1608e-02

I 06.04/02:37:34 solver.py:206 ] 
=! Best NMSE: -1.6725e+01 (epoch=10)

I 06.04/02:37:35 solver.py:141 ] Epoch: [107/400][20/45] lr: 1.88e-04 | MSE loss: 1.1503e-02 | time: 0.046
I 06.04/02:37:36 solver.py:141 ] Epoch: [107/400][40/45] lr: 1.88e-04 | MSE loss: 1.1462e-02 | time: 0.046
I 06.04/02:37:36 solver.py:151 ] => Train  Loss: 1.1609e-02

I 06.04/02:37:36 solver.py:206 ] 
=! Best NMSE: -1.6725e+01 (epoch=10)

I 06.04/02:37:37 solver.py:141 ] Epoch: [108/400][20/45] lr: 1.87e-04 | MSE loss: 1.1042e-02 | time: 0.050
I 06.04/02:37:38 solver.py:141 ] Epoch: [108/400][40/45] lr: 1.87e-04 | MSE loss: 1.1415e-02 | time: 0.049
I 06.04/02:37:38 solver.py:151 ] => Train  Loss: 1.1608e-02

I 06.04/02:37:38 solver.py:206 ] 
=! Best NMSE: -1.6725e+01 (epoch=10)

I 06.04/02:37:39 solver.py:141 ] Epoch: [109/400][20/45] lr: 1.87e-04 | MSE loss: 1.1577e-02 | time: 0.046
I 06.04/02:37:40 solver.py:141 ] Epoch: [109/400][40/45] lr: 1.87e-04 | MSE loss: 1.1493e-02 | time: 0.044
I 06.04/02:37:40 solver.py:151 ] => Train  Loss: 1.1608e-02

I 06.04/02:37:40 solver.py:206 ] 
=! Best NMSE: -1.6725e+01 (epoch=10)

I 06.04/02:37:41 solver.py:141 ] Epoch: [110/400][20/45] lr: 1.87e-04 | MSE loss: 1.0974e-02 | time: 0.045
I 06.04/02:37:42 solver.py:141 ] Epoch: [110/400][40/45] lr: 1.86e-04 | MSE loss: 1.1563e-02 | time: 0.047
I 06.04/02:37:42 solver.py:151 ] => Train  Loss: 1.1608e-02

I 06.04/02:37:42 solver.py:151 ] => Val  Loss: 1.0779e-02

I 06.04/02:37:42 solver.py:285 ] => Test NMSE: -1.6725e+01

I 06.04/02:37:42 solver.py:206 ] 
=! Best NMSE: -1.6725e+01 (epoch=10)

I 06.04/02:37:43 solver.py:141 ] Epoch: [111/400][20/45] lr: 1.86e-04 | MSE loss: 1.1159e-02 | time: 0.043
I 06.04/02:37:44 solver.py:141 ] Epoch: [111/400][40/45] lr: 1.86e-04 | MSE loss: 1.1746e-02 | time: 0.046
I 06.04/02:37:44 solver.py:151 ] => Train  Loss: 1.1608e-02

I 06.04/02:37:44 solver.py:206 ] 
=! Best NMSE: -1.6725e+01 (epoch=10)

I 06.04/02:37:45 solver.py:141 ] Epoch: [112/400][20/45] lr: 1.86e-04 | MSE loss: 1.2123e-02 | time: 0.047
I 06.04/02:37:46 solver.py:141 ] Epoch: [112/400][40/45] lr: 1.86e-04 | MSE loss: 1.1730e-02 | time: 0.048
I 06.04/02:37:47 solver.py:151 ] => Train  Loss: 1.1608e-02

I 06.04/02:37:47 solver.py:206 ] 
=! Best NMSE: -1.6725e+01 (epoch=10)

I 06.04/02:37:47 solver.py:141 ] Epoch: [113/400][20/45] lr: 1.86e-04 | MSE loss: 1.1871e-02 | time: 0.047
I 06.04/02:37:48 solver.py:141 ] Epoch: [113/400][40/45] lr: 1.85e-04 | MSE loss: 1.1608e-02 | time: 0.048
I 06.04/02:37:49 solver.py:151 ] => Train  Loss: 1.1608e-02

I 06.04/02:37:49 solver.py:206 ] 
=! Best NMSE: -1.6725e+01 (epoch=10)

I 06.04/02:37:50 solver.py:141 ] Epoch: [114/400][20/45] lr: 1.85e-04 | MSE loss: 1.1034e-02 | time: 0.048
I 06.04/02:37:51 solver.py:141 ] Epoch: [114/400][40/45] lr: 1.85e-04 | MSE loss: 1.1672e-02 | time: 0.048
I 06.04/02:37:51 solver.py:151 ] => Train  Loss: 1.1608e-02

I 06.04/02:37:51 solver.py:206 ] 
=! Best NMSE: -1.6725e+01 (epoch=10)

I 06.04/02:37:52 solver.py:141 ] Epoch: [115/400][20/45] lr: 1.85e-04 | MSE loss: 1.1402e-02 | time: 0.049
I 06.04/02:37:53 solver.py:141 ] Epoch: [115/400][40/45] lr: 1.85e-04 | MSE loss: 1.1509e-02 | time: 0.049
I 06.04/02:37:53 solver.py:151 ] => Train  Loss: 1.1607e-02

I 06.04/02:37:53 solver.py:206 ] 
=! Best NMSE: -1.6725e+01 (epoch=10)

I 06.04/02:37:54 solver.py:141 ] Epoch: [116/400][20/45] lr: 1.84e-04 | MSE loss: 1.1500e-02 | time: 0.046
I 06.04/02:37:55 solver.py:141 ] Epoch: [116/400][40/45] lr: 1.84e-04 | MSE loss: 1.1764e-02 | time: 0.048
I 06.04/02:37:55 solver.py:151 ] => Train  Loss: 1.1607e-02

I 06.04/02:37:55 solver.py:206 ] 
=! Best NMSE: -1.6725e+01 (epoch=10)

I 06.04/02:37:56 solver.py:141 ] Epoch: [117/400][20/45] lr: 1.84e-04 | MSE loss: 1.2166e-02 | time: 0.047
I 06.04/02:37:57 solver.py:141 ] Epoch: [117/400][40/45] lr: 1.84e-04 | MSE loss: 1.1501e-02 | time: 0.047
I 06.04/02:37:57 solver.py:151 ] => Train  Loss: 1.1608e-02

I 06.04/02:37:57 solver.py:206 ] 
=! Best NMSE: -1.6725e+01 (epoch=10)

I 06.04/02:37:58 solver.py:141 ] Epoch: [118/400][20/45] lr: 1.84e-04 | MSE loss: 1.1538e-02 | time: 0.047
I 06.04/02:37:59 solver.py:141 ] Epoch: [118/400][40/45] lr: 1.83e-04 | MSE loss: 1.1643e-02 | time: 0.049
I 06.04/02:38:00 solver.py:151 ] => Train  Loss: 1.1607e-02

I 06.04/02:38:00 solver.py:206 ] 
=! Best NMSE: -1.6725e+01 (epoch=10)

I 06.04/02:38:00 solver.py:141 ] Epoch: [119/400][20/45] lr: 1.83e-04 | MSE loss: 1.0874e-02 | time: 0.042
I 06.04/02:38:01 solver.py:141 ] Epoch: [119/400][40/45] lr: 1.83e-04 | MSE loss: 1.1460e-02 | time: 0.038
I 06.04/02:38:01 solver.py:151 ] => Train  Loss: 1.1607e-02

I 06.04/02:38:01 solver.py:206 ] 
=! Best NMSE: -1.6725e+01 (epoch=10)

I 06.04/02:38:02 solver.py:141 ] Epoch: [120/400][20/45] lr: 1.83e-04 | MSE loss: 1.1190e-02 | time: 0.031
I 06.04/02:38:03 solver.py:141 ] Epoch: [120/400][40/45] lr: 1.83e-04 | MSE loss: 1.1693e-02 | time: 0.034
I 06.04/02:38:03 solver.py:151 ] => Train  Loss: 1.1608e-02

I 06.04/02:38:03 solver.py:151 ] => Val  Loss: 1.0779e-02

I 06.04/02:38:03 solver.py:285 ] => Test NMSE: -1.6725e+01

I 06.04/02:38:03 solver.py:206 ] 
=! Best NMSE: -1.6725e+01 (epoch=10)

I 06.04/02:38:04 solver.py:141 ] Epoch: [121/400][20/45] lr: 1.82e-04 | MSE loss: 1.1676e-02 | time: 0.041
I 06.04/02:38:05 solver.py:141 ] Epoch: [121/400][40/45] lr: 1.82e-04 | MSE loss: 1.1462e-02 | time: 0.043
I 06.04/02:38:05 solver.py:151 ] => Train  Loss: 1.1608e-02

I 06.04/02:38:05 solver.py:206 ] 
=! Best NMSE: -1.6725e+01 (epoch=10)

I 06.04/02:38:06 solver.py:141 ] Epoch: [122/400][20/45] lr: 1.82e-04 | MSE loss: 1.1801e-02 | time: 0.052
I 06.04/02:38:07 solver.py:141 ] Epoch: [122/400][40/45] lr: 1.82e-04 | MSE loss: 1.1740e-02 | time: 0.050
I 06.04/02:38:07 solver.py:151 ] => Train  Loss: 1.1607e-02

I 06.04/02:38:07 solver.py:206 ] 
=! Best NMSE: -1.6725e+01 (epoch=10)

I 06.04/02:38:08 solver.py:141 ] Epoch: [123/400][20/45] lr: 1.81e-04 | MSE loss: 1.1527e-02 | time: 0.049
I 06.04/02:38:09 solver.py:141 ] Epoch: [123/400][40/45] lr: 1.81e-04 | MSE loss: 1.1540e-02 | time: 0.047
I 06.04/02:38:09 solver.py:151 ] => Train  Loss: 1.1606e-02

I 06.04/02:38:09 solver.py:206 ] 
=! Best NMSE: -1.6725e+01 (epoch=10)

I 06.04/02:38:10 solver.py:141 ] Epoch: [124/400][20/45] lr: 1.81e-04 | MSE loss: 1.1507e-02 | time: 0.043
I 06.04/02:38:11 solver.py:141 ] Epoch: [124/400][40/45] lr: 1.81e-04 | MSE loss: 1.1764e-02 | time: 0.041
I 06.04/02:38:11 solver.py:151 ] => Train  Loss: 1.1607e-02

I 06.04/02:38:11 solver.py:206 ] 
=! Best NMSE: -1.6725e+01 (epoch=10)

I 06.04/02:38:12 solver.py:141 ] Epoch: [125/400][20/45] lr: 1.81e-04 | MSE loss: 1.1520e-02 | time: 0.043
I 06.04/02:38:13 solver.py:141 ] Epoch: [125/400][40/45] lr: 1.80e-04 | MSE loss: 1.1608e-02 | time: 0.042
I 06.04/02:38:13 solver.py:151 ] => Train  Loss: 1.1607e-02

I 06.04/02:38:13 solver.py:206 ] 
=! Best NMSE: -1.6725e+01 (epoch=10)

I 06.04/02:38:14 solver.py:141 ] Epoch: [126/400][20/45] lr: 1.80e-04 | MSE loss: 1.1208e-02 | time: 0.044
I 06.04/02:38:15 solver.py:141 ] Epoch: [126/400][40/45] lr: 1.80e-04 | MSE loss: 1.1698e-02 | time: 0.046
I 06.04/02:38:15 solver.py:151 ] => Train  Loss: 1.1606e-02

I 06.04/02:38:15 solver.py:206 ] 
=! Best NMSE: -1.6725e+01 (epoch=10)

I 06.04/02:38:16 solver.py:141 ] Epoch: [127/400][20/45] lr: 1.80e-04 | MSE loss: 1.1715e-02 | time: 0.047
I 06.04/02:38:17 solver.py:141 ] Epoch: [127/400][40/45] lr: 1.79e-04 | MSE loss: 1.1421e-02 | time: 0.046
I 06.04/02:38:17 solver.py:151 ] => Train  Loss: 1.1606e-02

I 06.04/02:38:17 solver.py:206 ] 
=! Best NMSE: -1.6725e+01 (epoch=10)

I 06.04/02:38:18 solver.py:141 ] Epoch: [128/400][20/45] lr: 1.79e-04 | MSE loss: 1.1784e-02 | time: 0.045
I 06.04/02:38:19 solver.py:141 ] Epoch: [128/400][40/45] lr: 1.79e-04 | MSE loss: 1.1565e-02 | time: 0.046
I 06.04/02:38:19 solver.py:151 ] => Train  Loss: 1.1606e-02

I 06.04/02:38:19 solver.py:206 ] 
=! Best NMSE: -1.6725e+01 (epoch=10)

I 06.04/02:38:20 solver.py:141 ] Epoch: [129/400][20/45] lr: 1.79e-04 | MSE loss: 1.1742e-02 | time: 0.048
I 06.04/02:38:21 solver.py:141 ] Epoch: [129/400][40/45] lr: 1.79e-04 | MSE loss: 1.1446e-02 | time: 0.049
I 06.04/02:38:21 solver.py:151 ] => Train  Loss: 1.1607e-02

I 06.04/02:38:21 solver.py:206 ] 
=! Best NMSE: -1.6725e+01 (epoch=10)

I 06.04/02:38:22 solver.py:141 ] Epoch: [130/400][20/45] lr: 1.78e-04 | MSE loss: 1.1050e-02 | time: 0.047
I 06.04/02:38:23 solver.py:141 ] Epoch: [130/400][40/45] lr: 1.78e-04 | MSE loss: 1.1590e-02 | time: 0.045
I 06.04/02:38:23 solver.py:151 ] => Train  Loss: 1.1607e-02

I 06.04/02:38:23 solver.py:151 ] => Val  Loss: 1.0779e-02

I 06.04/02:38:24 solver.py:285 ] => Test NMSE: -1.6725e+01

I 06.04/02:38:24 solver.py:206 ] 
=! Best NMSE: -1.6725e+01 (epoch=10)

I 06.04/02:38:24 solver.py:141 ] Epoch: [131/400][20/45] lr: 1.78e-04 | MSE loss: 1.1397e-02 | time: 0.042
I 06.04/02:38:25 solver.py:141 ] Epoch: [131/400][40/45] lr: 1.78e-04 | MSE loss: 1.1561e-02 | time: 0.044
I 06.04/02:38:25 solver.py:151 ] => Train  Loss: 1.1606e-02

I 06.04/02:38:26 solver.py:206 ] 
=! Best NMSE: -1.6725e+01 (epoch=10)

I 06.04/02:38:26 solver.py:141 ] Epoch: [132/400][20/45] lr: 1.77e-04 | MSE loss: 1.2050e-02 | time: 0.049
I 06.04/02:38:27 solver.py:141 ] Epoch: [132/400][40/45] lr: 1.77e-04 | MSE loss: 1.1584e-02 | time: 0.049
I 06.04/02:38:28 solver.py:151 ] => Train  Loss: 1.1606e-02

I 06.04/02:38:28 solver.py:206 ] 
=! Best NMSE: -1.6725e+01 (epoch=10)

I 06.04/02:38:29 solver.py:141 ] Epoch: [133/400][20/45] lr: 1.77e-04 | MSE loss: 1.1221e-02 | time: 0.046
I 06.04/02:38:30 solver.py:141 ] Epoch: [133/400][40/45] lr: 1.77e-04 | MSE loss: 1.1796e-02 | time: 0.046
I 06.04/02:38:30 solver.py:151 ] => Train  Loss: 1.1606e-02

I 06.04/02:38:30 solver.py:206 ] 
=! Best NMSE: -1.6725e+01 (epoch=10)

I 06.04/02:38:31 solver.py:141 ] Epoch: [134/400][20/45] lr: 1.76e-04 | MSE loss: 1.1624e-02 | time: 0.048
I 06.04/02:38:32 solver.py:141 ] Epoch: [134/400][40/45] lr: 1.76e-04 | MSE loss: 1.1706e-02 | time: 0.047
I 06.04/02:38:32 solver.py:151 ] => Train  Loss: 1.1605e-02

I 06.04/02:38:32 solver.py:206 ] 
=! Best NMSE: -1.6725e+01 (epoch=10)

I 06.04/02:38:33 solver.py:141 ] Epoch: [135/400][20/45] lr: 1.76e-04 | MSE loss: 1.2195e-02 | time: 0.043
I 06.04/02:38:34 solver.py:141 ] Epoch: [135/400][40/45] lr: 1.76e-04 | MSE loss: 1.1781e-02 | time: 0.043
I 06.04/02:38:34 solver.py:151 ] => Train  Loss: 1.1606e-02

I 06.04/02:38:34 solver.py:206 ] 
=! Best NMSE: -1.6725e+01 (epoch=10)

I 06.04/02:38:35 solver.py:141 ] Epoch: [136/400][20/45] lr: 1.75e-04 | MSE loss: 1.1982e-02 | time: 0.048
I 06.04/02:38:36 solver.py:141 ] Epoch: [136/400][40/45] lr: 1.75e-04 | MSE loss: 1.1938e-02 | time: 0.047
I 06.04/02:38:36 solver.py:151 ] => Train  Loss: 1.1606e-02

I 06.04/02:38:36 solver.py:206 ] 
=! Best NMSE: -1.6725e+01 (epoch=10)

I 06.04/02:38:37 solver.py:141 ] Epoch: [137/400][20/45] lr: 1.75e-04 | MSE loss: 1.1678e-02 | time: 0.044
I 06.04/02:38:38 solver.py:141 ] Epoch: [137/400][40/45] lr: 1.75e-04 | MSE loss: 1.1679e-02 | time: 0.044
I 06.04/02:38:38 solver.py:151 ] => Train  Loss: 1.1606e-02

I 06.04/02:38:38 solver.py:206 ] 
=! Best NMSE: -1.6725e+01 (epoch=10)

I 06.04/02:38:39 solver.py:141 ] Epoch: [138/400][20/45] lr: 1.74e-04 | MSE loss: 1.2129e-02 | time: 0.041
I 06.04/02:38:40 solver.py:141 ] Epoch: [138/400][40/45] lr: 1.74e-04 | MSE loss: 1.1476e-02 | time: 0.044
I 06.04/02:38:40 solver.py:151 ] => Train  Loss: 1.1605e-02

I 06.04/02:38:40 solver.py:206 ] 
=! Best NMSE: -1.6725e+01 (epoch=10)

I 06.04/02:38:41 solver.py:141 ] Epoch: [139/400][20/45] lr: 1.74e-04 | MSE loss: 1.1837e-02 | time: 0.045
I 06.04/02:38:42 solver.py:141 ] Epoch: [139/400][40/45] lr: 1.74e-04 | MSE loss: 1.1540e-02 | time: 0.046
I 06.04/02:38:42 solver.py:151 ] => Train  Loss: 1.1605e-02

I 06.04/02:38:42 solver.py:206 ] 
=! Best NMSE: -1.6725e+01 (epoch=10)

I 06.04/02:38:43 solver.py:141 ] Epoch: [140/400][20/45] lr: 1.73e-04 | MSE loss: 1.1588e-02 | time: 0.046
I 06.04/02:38:44 solver.py:141 ] Epoch: [140/400][40/45] lr: 1.73e-04 | MSE loss: 1.1551e-02 | time: 0.047
I 06.04/02:38:44 solver.py:151 ] => Train  Loss: 1.1606e-02

I 06.04/02:38:44 solver.py:151 ] => Val  Loss: 1.0779e-02

I 06.04/02:38:44 solver.py:285 ] => Test NMSE: -1.6725e+01

I 06.04/02:38:44 solver.py:206 ] 
=! Best NMSE: -1.6725e+01 (epoch=10)

I 06.04/02:38:45 solver.py:141 ] Epoch: [141/400][20/45] lr: 1.73e-04 | MSE loss: 1.1588e-02 | time: 0.042
I 06.04/02:38:46 solver.py:141 ] Epoch: [141/400][40/45] lr: 1.73e-04 | MSE loss: 1.1521e-02 | time: 0.044
I 06.04/02:38:46 solver.py:151 ] => Train  Loss: 1.1605e-02

I 06.04/02:38:46 solver.py:206 ] 
=! Best NMSE: -1.6725e+01 (epoch=10)

I 06.04/02:38:47 solver.py:141 ] Epoch: [142/400][20/45] lr: 1.72e-04 | MSE loss: 1.2033e-02 | time: 0.046
I 06.04/02:38:48 solver.py:141 ] Epoch: [142/400][40/45] lr: 1.72e-04 | MSE loss: 1.1805e-02 | time: 0.046
I 06.04/02:38:48 solver.py:151 ] => Train  Loss: 1.1605e-02

I 06.04/02:38:48 solver.py:206 ] 
=! Best NMSE: -1.6725e+01 (epoch=10)

I 06.04/02:38:49 solver.py:141 ] Epoch: [143/400][20/45] lr: 1.72e-04 | MSE loss: 1.1435e-02 | time: 0.047
I 06.04/02:38:50 solver.py:141 ] Epoch: [143/400][40/45] lr: 1.72e-04 | MSE loss: 1.1609e-02 | time: 0.047
I 06.04/02:38:51 solver.py:151 ] => Train  Loss: 1.1605e-02

I 06.04/02:38:51 solver.py:206 ] 
=! Best NMSE: -1.6725e+01 (epoch=10)

I 06.04/02:38:52 solver.py:141 ] Epoch: [144/400][20/45] lr: 1.71e-04 | MSE loss: 1.2254e-02 | time: 0.046
I 06.04/02:38:52 solver.py:141 ] Epoch: [144/400][40/45] lr: 1.71e-04 | MSE loss: 1.1713e-02 | time: 0.046
I 06.04/02:38:53 solver.py:151 ] => Train  Loss: 1.1605e-02

I 06.04/02:38:53 solver.py:206 ] 
=! Best NMSE: -1.6725e+01 (epoch=10)

I 06.04/02:38:54 solver.py:141 ] Epoch: [145/400][20/45] lr: 1.71e-04 | MSE loss: 1.2068e-02 | time: 0.045
I 06.04/02:38:54 solver.py:141 ] Epoch: [145/400][40/45] lr: 1.71e-04 | MSE loss: 1.1608e-02 | time: 0.046
I 06.04/02:38:55 solver.py:151 ] => Train  Loss: 1.1605e-02

I 06.04/02:38:55 solver.py:206 ] 
=! Best NMSE: -1.6725e+01 (epoch=10)

I 06.04/02:38:56 solver.py:141 ] Epoch: [146/400][20/45] lr: 1.70e-04 | MSE loss: 1.0923e-02 | time: 0.046
I 06.04/02:38:57 solver.py:141 ] Epoch: [146/400][40/45] lr: 1.70e-04 | MSE loss: 1.1452e-02 | time: 0.047
I 06.04/02:38:57 solver.py:151 ] => Train  Loss: 1.1605e-02

I 06.04/02:38:57 solver.py:206 ] 
=! Best NMSE: -1.6725e+01 (epoch=10)

I 06.04/02:38:58 solver.py:141 ] Epoch: [147/400][20/45] lr: 1.70e-04 | MSE loss: 1.1906e-02 | time: 0.046
I 06.04/02:38:59 solver.py:141 ] Epoch: [147/400][40/45] lr: 1.70e-04 | MSE loss: 1.1702e-02 | time: 0.047
I 06.04/02:38:59 solver.py:151 ] => Train  Loss: 1.1605e-02

I 06.04/02:38:59 solver.py:206 ] 
=! Best NMSE: -1.6725e+01 (epoch=10)

I 06.04/02:39:00 solver.py:141 ] Epoch: [148/400][20/45] lr: 1.69e-04 | MSE loss: 1.2552e-02 | time: 0.046
I 06.04/02:39:01 solver.py:141 ] Epoch: [148/400][40/45] lr: 1.69e-04 | MSE loss: 1.1781e-02 | time: 0.042
I 06.04/02:39:01 solver.py:151 ] => Train  Loss: 1.1605e-02

I 06.04/02:39:01 solver.py:206 ] 
=! Best NMSE: -1.6725e+01 (epoch=10)

I 06.04/02:39:01 solver.py:141 ] Epoch: [149/400][20/45] lr: 1.69e-04 | MSE loss: 1.1126e-02 | time: 0.034
I 06.04/02:39:02 solver.py:141 ] Epoch: [149/400][40/45] lr: 1.69e-04 | MSE loss: 1.1642e-02 | time: 0.036
I 06.04/02:39:02 solver.py:151 ] => Train  Loss: 1.1605e-02

I 06.04/02:39:02 solver.py:206 ] 
=! Best NMSE: -1.6725e+01 (epoch=10)

I 06.04/02:39:03 solver.py:141 ] Epoch: [150/400][20/45] lr: 1.68e-04 | MSE loss: 1.1500e-02 | time: 0.043
I 06.04/02:39:04 solver.py:141 ] Epoch: [150/400][40/45] lr: 1.68e-04 | MSE loss: 1.1500e-02 | time: 0.041
I 06.04/02:39:04 solver.py:151 ] => Train  Loss: 1.1605e-02

I 06.04/02:39:04 solver.py:151 ] => Val  Loss: 1.0779e-02

I 06.04/02:39:04 solver.py:285 ] => Test NMSE: -1.6725e+01

I 06.04/02:39:04 solver.py:206 ] 
=! Best NMSE: -1.6725e+01 (epoch=10)

I 06.04/02:39:05 solver.py:141 ] Epoch: [151/400][20/45] lr: 1.68e-04 | MSE loss: 1.1938e-02 | time: 0.034
I 06.04/02:39:06 solver.py:141 ] Epoch: [151/400][40/45] lr: 1.68e-04 | MSE loss: 1.1618e-02 | time: 0.030
I 06.04/02:39:06 solver.py:151 ] => Train  Loss: 1.1604e-02

I 06.04/02:39:06 solver.py:206 ] 
=! Best NMSE: -1.6725e+01 (epoch=10)

I 06.04/02:39:07 solver.py:141 ] Epoch: [152/400][20/45] lr: 1.67e-04 | MSE loss: 1.0752e-02 | time: 0.045
I 06.04/02:39:08 solver.py:141 ] Epoch: [152/400][40/45] lr: 1.67e-04 | MSE loss: 1.1234e-02 | time: 0.045
I 06.04/02:39:08 solver.py:151 ] => Train  Loss: 1.1604e-02

I 06.04/02:39:08 solver.py:206 ] 
=! Best NMSE: -1.6725e+01 (epoch=10)

I 06.04/02:39:09 solver.py:141 ] Epoch: [153/400][20/45] lr: 1.67e-04 | MSE loss: 1.1480e-02 | time: 0.045
I 06.04/02:39:10 solver.py:141 ] Epoch: [153/400][40/45] lr: 1.66e-04 | MSE loss: 1.1647e-02 | time: 0.046
I 06.04/02:39:10 solver.py:151 ] => Train  Loss: 1.1605e-02

I 06.04/02:39:10 solver.py:206 ] 
=! Best NMSE: -1.6725e+01 (epoch=10)

I 06.04/02:39:11 solver.py:141 ] Epoch: [154/400][20/45] lr: 1.66e-04 | MSE loss: 1.2080e-02 | time: 0.048
I 06.04/02:39:12 solver.py:141 ] Epoch: [154/400][40/45] lr: 1.66e-04 | MSE loss: 1.1758e-02 | time: 0.047
I 06.04/02:39:12 solver.py:151 ] => Train  Loss: 1.1605e-02

I 06.04/02:39:12 solver.py:206 ] 
=! Best NMSE: -1.6725e+01 (epoch=10)

I 06.04/02:39:13 solver.py:141 ] Epoch: [155/400][20/45] lr: 1.66e-04 | MSE loss: 1.1511e-02 | time: 0.046
I 06.04/02:39:14 solver.py:141 ] Epoch: [155/400][40/45] lr: 1.65e-04 | MSE loss: 1.1382e-02 | time: 0.046
I 06.04/02:39:14 solver.py:151 ] => Train  Loss: 1.1605e-02

I 06.04/02:39:14 solver.py:206 ] 
=! Best NMSE: -1.6725e+01 (epoch=10)

I 06.04/02:39:15 solver.py:141 ] Epoch: [156/400][20/45] lr: 1.65e-04 | MSE loss: 1.2500e-02 | time: 0.046
