I 06.08/00:05:02 main.py:23  ] => Experiment directory: /home/hujiacong/zxd/Huawei/TransNet/exps/WAIRD/seed797/scenario_2/01105_fc_encoder_256_1024_original_independent
I 06.08/00:05:02 main.py:24  ] => PyTorch Version: 2.5.1
I 06.08/00:05:02 main.py:26  ] ==================================================
I 06.08/00:05:02 main.py:30  ] => Arguments:
	train_path: data/scenario_2/01105/train.pt
	val_path: data/scenario_2/01105/test.pt
	test_path: data/scenario_2/01105/test.pt
	batch_size: 32
	workers: 0
	evaluate: False
	pretrained: exps/WAIRD/seed797/base/original_independent/checkpoints/best_nmse.pth
	resume: None
	seed: 797
	gpu: 5
	cpu: False
	cpu_affinity: None
	epochs: 200
	cr: 4
	exp_name: WAIRD/seed797/scenario_2/01105_fc_encoder_256_1024_original_independent
	channel: 2
	nt: 64
	nc: 64
	d_model: 64
	dim_feedforward: 2048
	layer_sharing: independent
	transformer_backend: original
	scheduler: cosine
	lr_init: 0.0005
	weight_decay: 0.0
	freeze_components: []
	lora_component: ['fc_encoder']
	lora_pretrained: None
	lora_rank: 256
	lora_alpha: 1024
I 06.08/00:05:02 main.py:31  ] ==================================================
I 06.08/00:05:02 init.py:17  ] Random seed set to 797
I 06.08/00:05:02 init.py:226 ] Running on GPU 5
I 06.08/00:05:03 dataloader.py:69  ] data/scenario_2/01105/train.pt loaded.
I 06.08/00:05:03 dataloader.py:74  ] data/scenario_2/01105/test.pt loaded.
I 06.08/00:05:03 dataloader.py:79  ] data/scenario_2/01105/test.pt loaded.
I 06.08/00:05:10 init.py:265 ] pretrained model loaded from exps/WAIRD/seed797/base/original_independent/checkpoints/best_nmse.pth
I 06.08/00:05:11 init.py:185 ] => LoRA enabled on components: fc_encoder; target_modules=['fc_encoder']; (rank=256, alpha=1024); 2621440/37344512 scalar params trainable
I 06.08/00:05:23 init.py:294 ] => Model Name: TransNet [pretrained: exps/WAIRD/seed797/base/original_independent/checkpoints/best_nmse.pth]
I 06.08/00:05:23 init.py:295 ] => Model Config: compression ratio=1/4; input shape=(2, 64, 64); input dim=8192; layer sharing=independent; transformer backend=original
I 06.08/00:05:23 init.py:300 ] => Model Flops: 1.7079e+02M
I 06.08/00:05:23 init.py:301 ] => Model Params Num: 3.7245e+01M

I 06.08/00:05:23 init.py:302 ] 
==================================================
Transformer(
  (encoder): IndependentTransformerEncoder(
    (layers): ModuleList(
      (0-1): 2 x OriginalTransformerEncoderLayer(
        (self_attn): OriginalMultiheadAttention(
          (out_proj): Linear(in_features=64, out_features=64, bias=True)
        )
        (linear1): Linear(in_features=64, out_features=2048, bias=True)
        (dropout): Dropout(p=0.0, inplace=False)
        (linear2): Linear(in_features=2048, out_features=64, bias=True)
        (norm1): LayerNorm((64,), eps=1e-05, elementwise_affine=True)
        (norm2): LayerNorm((64,), eps=1e-05, elementwise_affine=True)
        (dropout1): Dropout(p=0.0, inplace=False)
        (dropout2): Dropout(p=0.0, inplace=False)
      )
    )
    (norm): LayerNorm((64,), eps=1e-05, elementwise_affine=True)
  )
  (decoder): IndependentTransformerDecoder(
    (layers): ModuleList(
      (0-1): 2 x OriginalTransformerDecoderLayer(
        (self_attn): OriginalMultiheadAttention(
          (out_proj): Linear(in_features=64, out_features=64, bias=True)
        )
        (multihead_attn): OriginalMultiheadAttention(
          (out_proj): Linear(in_features=64, out_features=64, bias=True)
        )
        (linear1): Linear(in_features=64, out_features=2048, bias=True)
        (dropout): Dropout(p=0.0, inplace=False)
        (linear2): Linear(in_features=2048, out_features=64, bias=True)
        (norm1): LayerNorm((64,), eps=1e-05, elementwise_affine=True)
        (norm2): LayerNorm((64,), eps=1e-05, elementwise_affine=True)
        (norm3): LayerNorm((64,), eps=1e-05, elementwise_affine=True)
        (dropout1): Dropout(p=0.0, inplace=False)
        (dropout2): Dropout(p=0.0, inplace=False)
        (dropout3): Dropout(p=0.0, inplace=False)
      )
    )
    (norm): LayerNorm((64,), eps=1e-05, elementwise_affine=True)
  )
  (fc_encoder): LoRALinear(
    (base_layer): Linear(in_features=8192, out_features=2048, bias=True)
    (lora_A): Linear(in_features=8192, out_features=256, bias=False)
    (lora_B): Linear(in_features=256, out_features=2048, bias=False)
  )
  (fc_decoder): Linear(in_features=2048, out_features=8192, bias=True)
)
==================================================

I 06.08/00:05:23 init.py:206 ] 
encoder.layers.0.self_attn.in_proj_weight                         False    (192, 64)
encoder.layers.0.self_attn.in_proj_bias                           False    (192,)
encoder.layers.0.self_attn.out_proj.weight                        False    (64, 64)
encoder.layers.0.self_attn.out_proj.bias                          False    (64,)
encoder.layers.0.linear1.weight                                   False    (2048, 64)
encoder.layers.0.linear1.bias                                     False    (2048,)
encoder.layers.0.linear2.weight                                   False    (64, 2048)
encoder.layers.0.linear2.bias                                     False    (64,)
encoder.layers.0.norm1.weight                                     False    (64,)
encoder.layers.0.norm1.bias                                       False    (64,)
encoder.layers.0.norm2.weight                                     False    (64,)
encoder.layers.0.norm2.bias                                       False    (64,)
encoder.layers.1.self_attn.in_proj_weight                         False    (192, 64)
encoder.layers.1.self_attn.in_proj_bias                           False    (192,)
encoder.layers.1.self_attn.out_proj.weight                        False    (64, 64)
encoder.layers.1.self_attn.out_proj.bias                          False    (64,)
encoder.layers.1.linear1.weight                                   False    (2048, 64)
encoder.layers.1.linear1.bias                                     False    (2048,)
encoder.layers.1.linear2.weight                                   False    (64, 2048)
encoder.layers.1.linear2.bias                                     False    (64,)
encoder.layers.1.norm1.weight                                     False    (64,)
encoder.layers.1.norm1.bias                                       False    (64,)
encoder.layers.1.norm2.weight                                     False    (64,)
encoder.layers.1.norm2.bias                                       False    (64,)
encoder.norm.weight                                               False    (64,)
encoder.norm.bias                                                 False    (64,)
decoder.layers.0.self_attn.in_proj_weight                         False    (192, 64)
decoder.layers.0.self_attn.in_proj_bias                           False    (192,)
decoder.layers.0.self_attn.out_proj.weight                        False    (64, 64)
decoder.layers.0.self_attn.out_proj.bias                          False    (64,)
decoder.layers.0.multihead_attn.in_proj_weight                    False    (192, 64)
decoder.layers.0.multihead_attn.in_proj_bias                      False    (192,)
decoder.layers.0.multihead_attn.out_proj.weight                   False    (64, 64)
decoder.layers.0.multihead_attn.out_proj.bias                     False    (64,)
decoder.layers.0.linear1.weight                                   False    (2048, 64)
decoder.layers.0.linear1.bias                                     False    (2048,)
decoder.layers.0.linear2.weight                                   False    (64, 2048)
decoder.layers.0.linear2.bias                                     False    (64,)
decoder.layers.0.norm1.weight                                     False    (64,)
decoder.layers.0.norm1.bias                                       False    (64,)
decoder.layers.0.norm2.weight                                     False    (64,)
decoder.layers.0.norm2.bias                                       False    (64,)
decoder.layers.0.norm3.weight                                     False    (64,)
decoder.layers.0.norm3.bias                                       False    (64,)
decoder.layers.1.self_attn.in_proj_weight                         False    (192, 64)
decoder.layers.1.self_attn.in_proj_bias                           False    (192,)
decoder.layers.1.self_attn.out_proj.weight                        False    (64, 64)
decoder.layers.1.self_attn.out_proj.bias                          False    (64,)
decoder.layers.1.multihead_attn.in_proj_weight                    False    (192, 64)
decoder.layers.1.multihead_attn.in_proj_bias                      False    (192,)
decoder.layers.1.multihead_attn.out_proj.weight                   False    (64, 64)
decoder.layers.1.multihead_attn.out_proj.bias                     False    (64,)
decoder.layers.1.linear1.weight                                   False    (2048, 64)
decoder.layers.1.linear1.bias                                     False    (2048,)
decoder.layers.1.linear2.weight                                   False    (64, 2048)
decoder.layers.1.linear2.bias                                     False    (64,)
decoder.layers.1.norm1.weight                                     False    (64,)
decoder.layers.1.norm1.bias                                       False    (64,)
decoder.layers.1.norm2.weight                                     False    (64,)
decoder.layers.1.norm2.bias                                       False    (64,)
decoder.layers.1.norm3.weight                                     False    (64,)
decoder.layers.1.norm3.bias                                       False    (64,)
decoder.norm.weight                                               False    (64,)
decoder.norm.bias                                                 False    (64,)
fc_encoder.base_layer.weight                                      False    (2048, 8192)
fc_encoder.base_layer.bias                                        False    (2048,)
fc_encoder.lora_A.weight                                          True     (256, 8192)
fc_encoder.lora_B.weight                                          True     (2048, 256)
fc_decoder.weight                                                 False    (8192, 2048)
fc_decoder.bias                                                   False    (8192,)
==================================================
I 06.08/00:05:30 solver.py:405 ] [20/32] loss: 7.7216e-03 | NMSE: -1.7864e+01 | time: 0.184
I 06.08/00:05:32 solver.py:413 ] => Test NMSE: -1.8622e+01

I 06.08/00:05:32 solver.py:345 ] => LoRA monitor [before_train] | trainable=2621440/2621440 | non_lora_trainable=0 | lora_l2=9.238350e+00 | lora_A_l2=9.238350e+00 | lora_B_l2=0.000000e+00 | component_l2=fc_encoder:9.238350e+00 | lora_abs_max=1.104853e-02 | delta_l2=0.000000e+00 | delta_rel=0.000000e+00 | test_loss=6.867450e-03 | nmse=-1.862175e+01
I 06.08/00:05:36 solver.py:159 ] Epoch: [1/200][20/282] lr: 1.77e-06 | MSE loss: 7.5972e-03 | time: 0.187
I 06.08/00:05:40 solver.py:159 ] Epoch: [1/200][40/282] lr: 3.55e-06 | MSE loss: 7.5742e-03 | time: 0.189
I 06.08/00:05:43 solver.py:159 ] Epoch: [1/200][60/282] lr: 5.32e-06 | MSE loss: 7.3348e-03 | time: 0.185
I 06.08/00:05:47 solver.py:159 ] Epoch: [1/200][80/282] lr: 7.09e-06 | MSE loss: 7.1872e-03 | time: 0.184
I 06.08/00:05:51 solver.py:159 ] Epoch: [1/200][100/282] lr: 8.87e-06 | MSE loss: 7.1632e-03 | time: 0.185
I 06.08/00:05:54 solver.py:159 ] Epoch: [1/200][120/282] lr: 1.06e-05 | MSE loss: 7.1143e-03 | time: 0.185
I 06.08/00:05:58 solver.py:159 ] Epoch: [1/200][140/282] lr: 1.24e-05 | MSE loss: 7.0750e-03 | time: 0.184
I 06.08/00:06:03 solver.py:159 ] Epoch: [1/200][160/282] lr: 1.42e-05 | MSE loss: 6.9935e-03 | time: 0.191
I 06.08/00:06:07 solver.py:159 ] Epoch: [1/200][180/282] lr: 1.60e-05 | MSE loss: 6.8022e-03 | time: 0.194
I 06.08/00:06:11 solver.py:159 ] Epoch: [1/200][200/282] lr: 1.77e-05 | MSE loss: 6.7617e-03 | time: 0.195
I 06.08/00:06:15 solver.py:159 ] Epoch: [1/200][220/282] lr: 1.95e-05 | MSE loss: 6.6720e-03 | time: 0.192
I 06.08/00:06:17 solver.py:159 ] Epoch: [1/200][240/282] lr: 2.13e-05 | MSE loss: 6.6032e-03 | time: 0.189
I 06.08/00:06:21 solver.py:159 ] Epoch: [1/200][260/282] lr: 2.30e-05 | MSE loss: 6.6396e-03 | time: 0.186
I 06.08/00:06:24 solver.py:159 ] Epoch: [1/200][280/282] lr: 2.48e-05 | MSE loss: 6.5729e-03 | time: 0.184
I 06.08/00:06:24 solver.py:169 ] => Train  Loss: 6.5688e-03

I 06.08/00:06:27 solver.py:405 ] [20/32] loss: 7.5149e-03 | NMSE: -1.7986e+01 | time: 0.160
I 06.08/00:06:29 solver.py:413 ] => Test NMSE: -1.8752e+01

I 06.08/00:06:29 solver.py:345 ] => LoRA monitor [epoch=1] | trainable=2621440/2621440 | non_lora_trainable=0 | lora_l2=9.375639e+00 | lora_A_l2=9.363897e+00 | lora_B_l2=4.690761e-01 | component_l2=fc_encoder:9.375639e+00 | lora_abs_max=1.433253e-02 | delta_l2=1.297698e+00 | delta_rel=1.404686e-01 | train_loss=6.568825e-03 | test_loss=6.663951e-03 | nmse=-1.875238e+01
I 06.08/00:06:30 solver.py:224 ] 
=! Best NMSE: -1.8752e+01 (epoch=1)

I 06.08/00:06:34 solver.py:159 ] Epoch: [2/200][20/282] lr: 2.68e-05 | MSE loss: 5.3939e-03 | time: 0.172
I 06.08/00:06:37 solver.py:159 ] Epoch: [2/200][40/282] lr: 2.85e-05 | MSE loss: 5.5054e-03 | time: 0.158
I 06.08/00:06:40 solver.py:159 ] Epoch: [2/200][60/282] lr: 3.03e-05 | MSE loss: 6.0340e-03 | time: 0.156
I 06.08/00:06:43 solver.py:159 ] Epoch: [2/200][80/282] lr: 3.21e-05 | MSE loss: 6.1697e-03 | time: 0.157
I 06.08/00:06:46 solver.py:159 ] Epoch: [2/200][100/282] lr: 3.39e-05 | MSE loss: 6.1821e-03 | time: 0.156
I 06.08/00:06:49 solver.py:159 ] Epoch: [2/200][120/282] lr: 3.56e-05 | MSE loss: 6.3505e-03 | time: 0.153
I 06.08/00:06:52 solver.py:159 ] Epoch: [2/200][140/282] lr: 3.74e-05 | MSE loss: 6.4987e-03 | time: 0.153
I 06.08/00:06:55 solver.py:159 ] Epoch: [2/200][160/282] lr: 3.92e-05 | MSE loss: 6.4208e-03 | time: 0.154
I 06.08/00:06:58 solver.py:159 ] Epoch: [2/200][180/282] lr: 4.10e-05 | MSE loss: 6.3778e-03 | time: 0.153
I 06.08/00:07:02 solver.py:159 ] Epoch: [2/200][200/282] lr: 4.27e-05 | MSE loss: 6.3511e-03 | time: 0.156
I 06.08/00:07:06 solver.py:159 ] Epoch: [2/200][220/282] lr: 4.45e-05 | MSE loss: 6.4291e-03 | time: 0.161
I 06.08/00:07:09 solver.py:159 ] Epoch: [2/200][240/282] lr: 4.63e-05 | MSE loss: 6.3890e-03 | time: 0.160
I 06.08/00:07:12 solver.py:159 ] Epoch: [2/200][260/282] lr: 4.80e-05 | MSE loss: 6.3372e-03 | time: 0.159
I 06.08/00:07:15 solver.py:159 ] Epoch: [2/200][280/282] lr: 4.98e-05 | MSE loss: 6.2937e-03 | time: 0.158
I 06.08/00:07:15 solver.py:169 ] => Train  Loss: 6.2722e-03

I 06.08/00:07:18 solver.py:405 ] [20/32] loss: 7.2516e-03 | NMSE: -1.8140e+01 | time: 0.140
I 06.08/00:07:19 solver.py:413 ] => Test NMSE: -1.8900e+01

I 06.08/00:07:19 solver.py:345 ] => LoRA monitor [epoch=2] | trainable=2621440/2621440 | non_lora_trainable=0 | lora_l2=9.773117e+00 | lora_A_l2=9.706757e+00 | lora_B_l2=1.136963e+00 | component_l2=fc_encoder:9.773117e+00 | lora_abs_max=1.984598e-02 | delta_l2=2.787952e+00 | delta_rel=3.017803e-01 | train_loss=6.272240e-03 | test_loss=6.441690e-03 | nmse=-1.889970e+01
I 06.08/00:07:20 solver.py:224 ] 
=! Best NMSE: -1.8900e+01 (epoch=2)

I 06.08/00:07:23 solver.py:159 ] Epoch: [3/200][20/282] lr: 5.18e-05 | MSE loss: 5.9605e-03 | time: 0.147
I 06.08/00:07:26 solver.py:159 ] Epoch: [3/200][40/282] lr: 5.35e-05 | MSE loss: 6.1465e-03 | time: 0.145
I 06.08/00:07:29 solver.py:159 ] Epoch: [3/200][60/282] lr: 5.53e-05 | MSE loss: 6.1739e-03 | time: 0.150
I 06.08/00:07:32 solver.py:159 ] Epoch: [3/200][80/282] lr: 5.71e-05 | MSE loss: 6.0925e-03 | time: 0.150
I 06.08/00:07:35 solver.py:159 ] Epoch: [3/200][100/282] lr: 5.89e-05 | MSE loss: 6.2307e-03 | time: 0.150
I 06.08/00:07:38 solver.py:159 ] Epoch: [3/200][120/282] lr: 6.06e-05 | MSE loss: 6.2805e-03 | time: 0.151
I 06.08/00:07:41 solver.py:159 ] Epoch: [3/200][140/282] lr: 6.24e-05 | MSE loss: 6.1215e-03 | time: 0.151
I 06.08/00:07:44 solver.py:159 ] Epoch: [3/200][160/282] lr: 6.42e-05 | MSE loss: 6.1045e-03 | time: 0.153
I 06.08/00:07:48 solver.py:159 ] Epoch: [3/200][180/282] lr: 6.60e-05 | MSE loss: 5.8802e-03 | time: 0.154
I 06.08/00:07:51 solver.py:159 ] Epoch: [3/200][200/282] lr: 6.77e-05 | MSE loss: 5.9149e-03 | time: 0.155
I 06.08/00:07:54 solver.py:159 ] Epoch: [3/200][220/282] lr: 6.95e-05 | MSE loss: 5.9584e-03 | time: 0.156
I 06.08/00:07:58 solver.py:159 ] Epoch: [3/200][240/282] lr: 7.13e-05 | MSE loss: 5.9421e-03 | time: 0.157
I 06.08/00:08:01 solver.py:159 ] Epoch: [3/200][260/282] lr: 7.30e-05 | MSE loss: 5.8795e-03 | time: 0.159
I 06.08/00:08:06 solver.py:159 ] Epoch: [3/200][280/282] lr: 7.48e-05 | MSE loss: 5.9865e-03 | time: 0.164
I 06.08/00:08:06 solver.py:169 ] => Train  Loss: 5.9744e-03

I 06.08/00:08:10 solver.py:405 ] [20/32] loss: 7.0478e-03 | NMSE: -1.8238e+01 | time: 0.167
I 06.08/00:08:11 solver.py:413 ] => Test NMSE: -1.9033e+01

I 06.08/00:08:11 solver.py:345 ] => LoRA monitor [epoch=3] | trainable=2621440/2621440 | non_lora_trainable=0 | lora_l2=1.044796e+01 | lora_A_l2=1.027799e+01 | lora_B_l2=1.876912e+00 | component_l2=fc_encoder:1.044796e+01 | lora_abs_max=2.746850e-02 | delta_l2=4.447342e+00 | delta_rel=4.814000e-01 | train_loss=5.974361e-03 | test_loss=6.247058e-03 | nmse=-1.903295e+01
I 06.08/00:08:13 solver.py:224 ] 
=! Best NMSE: -1.9033e+01 (epoch=3)

I 06.08/00:08:16 solver.py:159 ] Epoch: [4/200][20/282] lr: 7.68e-05 | MSE loss: 5.0375e-03 | time: 0.176
I 06.08/00:08:19 solver.py:159 ] Epoch: [4/200][40/282] lr: 7.85e-05 | MSE loss: 5.3435e-03 | time: 0.158
I 06.08/00:08:22 solver.py:159 ] Epoch: [4/200][60/282] lr: 8.03e-05 | MSE loss: 5.6135e-03 | time: 0.162
I 06.08/00:08:25 solver.py:159 ] Epoch: [4/200][80/282] lr: 8.21e-05 | MSE loss: 5.5865e-03 | time: 0.159
I 06.08/00:08:28 solver.py:159 ] Epoch: [4/200][100/282] lr: 8.39e-05 | MSE loss: 5.6106e-03 | time: 0.158
I 06.08/00:08:32 solver.py:159 ] Epoch: [4/200][120/282] lr: 8.56e-05 | MSE loss: 5.5358e-03 | time: 0.159
I 06.08/00:08:35 solver.py:159 ] Epoch: [4/200][140/282] lr: 8.74e-05 | MSE loss: 5.5773e-03 | time: 0.160
I 06.08/00:08:38 solver.py:159 ] Epoch: [4/200][160/282] lr: 8.92e-05 | MSE loss: 5.6683e-03 | time: 0.160
I 06.08/00:08:41 solver.py:159 ] Epoch: [4/200][180/282] lr: 9.10e-05 | MSE loss: 5.6431e-03 | time: 0.159
I 06.08/00:08:44 solver.py:159 ] Epoch: [4/200][200/282] lr: 9.27e-05 | MSE loss: 5.6833e-03 | time: 0.159
I 06.08/00:08:48 solver.py:159 ] Epoch: [4/200][220/282] lr: 9.45e-05 | MSE loss: 5.7490e-03 | time: 0.158
I 06.08/00:08:51 solver.py:159 ] Epoch: [4/200][240/282] lr: 9.63e-05 | MSE loss: 5.6219e-03 | time: 0.161
I 06.08/00:08:55 solver.py:159 ] Epoch: [4/200][260/282] lr: 9.80e-05 | MSE loss: 5.6346e-03 | time: 0.161
I 06.08/00:08:58 solver.py:159 ] Epoch: [4/200][280/282] lr: 9.98e-05 | MSE loss: 5.6797e-03 | time: 0.161
I 06.08/00:08:58 solver.py:169 ] => Train  Loss: 5.6848e-03

I 06.08/00:09:02 solver.py:405 ] [20/32] loss: 6.8668e-03 | NMSE: -1.8346e+01 | time: 0.189
I 06.08/00:09:05 solver.py:413 ] => Test NMSE: -1.9163e+01

I 06.08/00:09:05 solver.py:345 ] => LoRA monitor [epoch=4] | trainable=2621440/2621440 | non_lora_trainable=0 | lora_l2=1.131219e+01 | lora_A_l2=1.100528e+01 | lora_B_l2=2.617124e+00 | component_l2=fc_encoder:1.131219e+01 | lora_abs_max=3.262355e-02 | delta_l2=6.082065e+00 | delta_rel=6.583497e-01 | train_loss=5.684805e-03 | test_loss=6.062710e-03 | nmse=-1.916303e+01
I 06.08/00:09:06 solver.py:224 ] 
=! Best NMSE: -1.9163e+01 (epoch=4)

I 06.08/00:09:09 solver.py:159 ] Epoch: [5/200][20/282] lr: 1.02e-04 | MSE loss: 4.6972e-03 | time: 0.157
I 06.08/00:09:12 solver.py:159 ] Epoch: [5/200][40/282] lr: 1.04e-04 | MSE loss: 4.8658e-03 | time: 0.150
I 06.08/00:09:15 solver.py:159 ] Epoch: [5/200][60/282] lr: 1.05e-04 | MSE loss: 4.6331e-03 | time: 0.152
I 06.08/00:09:18 solver.py:159 ] Epoch: [5/200][80/282] lr: 1.07e-04 | MSE loss: 5.3106e-03 | time: 0.156
I 06.08/00:09:21 solver.py:159 ] Epoch: [5/200][100/282] lr: 1.09e-04 | MSE loss: 5.4033e-03 | time: 0.156
I 06.08/00:09:25 solver.py:159 ] Epoch: [5/200][120/282] lr: 1.11e-04 | MSE loss: 5.2090e-03 | time: 0.157
I 06.08/00:09:28 solver.py:159 ] Epoch: [5/200][140/282] lr: 1.12e-04 | MSE loss: 5.2209e-03 | time: 0.157
I 06.08/00:09:31 solver.py:159 ] Epoch: [5/200][160/282] lr: 1.14e-04 | MSE loss: 5.2469e-03 | time: 0.158
I 06.08/00:09:35 solver.py:159 ] Epoch: [5/200][180/282] lr: 1.16e-04 | MSE loss: 5.1434e-03 | time: 0.161
I 06.08/00:09:38 solver.py:159 ] Epoch: [5/200][200/282] lr: 1.18e-04 | MSE loss: 5.3157e-03 | time: 0.162
I 06.08/00:09:42 solver.py:159 ] Epoch: [5/200][220/282] lr: 1.20e-04 | MSE loss: 5.5305e-03 | time: 0.162
I 06.08/00:09:45 solver.py:159 ] Epoch: [5/200][240/282] lr: 1.21e-04 | MSE loss: 5.5534e-03 | time: 0.162
I 06.08/00:09:48 solver.py:159 ] Epoch: [5/200][260/282] lr: 1.23e-04 | MSE loss: 5.4823e-03 | time: 0.162
I 06.08/00:09:51 solver.py:159 ] Epoch: [5/200][280/282] lr: 1.25e-04 | MSE loss: 5.4572e-03 | time: 0.162
I 06.08/00:09:51 solver.py:169 ] => Train  Loss: 5.4773e-03

I 06.08/00:09:54 solver.py:405 ] [20/32] loss: 6.7517e-03 | NMSE: -1.8412e+01 | time: 0.105
I 06.08/00:09:55 solver.py:413 ] => Test NMSE: -1.9239e+01

I 06.08/00:09:55 solver.py:345 ] => LoRA monitor [epoch=5] | trainable=2621440/2621440 | non_lora_trainable=0 | lora_l2=1.218620e+01 | lora_A_l2=1.173530e+01 | lora_B_l2=3.284231e+00 | component_l2=fc_encoder:1.218620e+01 | lora_abs_max=3.885927e-02 | delta_l2=7.496915e+00 | delta_rel=8.114994e-01 | train_loss=5.477310e-03 | test_loss=5.957732e-03 | nmse=-1.923889e+01
I 06.08/00:09:55 solver.py:224 ] 
=! Best NMSE: -1.9239e+01 (epoch=5)

I 06.08/00:09:57 solver.py:159 ] Epoch: [6/200][20/282] lr: 1.27e-04 | MSE loss: 5.2653e-03 | time: 0.099
I 06.08/00:10:00 solver.py:159 ] Epoch: [6/200][40/282] lr: 1.29e-04 | MSE loss: 5.1031e-03 | time: 0.108
I 06.08/00:10:03 solver.py:159 ] Epoch: [6/200][60/282] lr: 1.30e-04 | MSE loss: 5.0628e-03 | time: 0.128
I 06.08/00:10:06 solver.py:159 ] Epoch: [6/200][80/282] lr: 1.32e-04 | MSE loss: 5.0573e-03 | time: 0.128
I 06.08/00:10:08 solver.py:159 ] Epoch: [6/200][100/282] lr: 1.34e-04 | MSE loss: 5.2546e-03 | time: 0.123
I 06.08/00:10:09 solver.py:159 ] Epoch: [6/200][120/282] lr: 1.36e-04 | MSE loss: 5.1481e-03 | time: 0.113
I 06.08/00:10:11 solver.py:159 ] Epoch: [6/200][140/282] lr: 1.37e-04 | MSE loss: 5.0983e-03 | time: 0.109
I 06.08/00:10:12 solver.py:159 ] Epoch: [6/200][160/282] lr: 1.39e-04 | MSE loss: 5.1202e-03 | time: 0.106
I 06.08/00:10:14 solver.py:159 ] Epoch: [6/200][180/282] lr: 1.41e-04 | MSE loss: 5.1192e-03 | time: 0.103
I 06.08/00:10:15 solver.py:159 ] Epoch: [6/200][200/282] lr: 1.43e-04 | MSE loss: 5.2899e-03 | time: 0.101
I 06.08/00:10:17 solver.py:159 ] Epoch: [6/200][220/282] lr: 1.45e-04 | MSE loss: 5.3062e-03 | time: 0.100
